Archive member included to satisfy reference by file (symbol)

c:/intelfpga_lite/22.1std/nios2eds/bin/gnu/h-x86_64-mingw32/bin/../lib/gcc/nios2-elf/12.1.1/../../../../../H-x86_64-mingw32/nios2-elf/lib/mno-hw-mul\libm.a(lib_a-s_round.o)
                              obj/default/hello_world.o (round)
c:/intelfpga_lite/22.1std/nios2eds/bin/gnu/h-x86_64-mingw32/bin/../lib/gcc/nios2-elf/12.1.1/mno-hw-mul\libgcc.a(lib2-divmod.o)
                              obj/default/hello_world.o (__divsi3)
c:/intelfpga_lite/22.1std/nios2eds/bin/gnu/h-x86_64-mingw32/bin/../lib/gcc/nios2-elf/12.1.1/mno-hw-mul\libgcc.a(lib2-mul.o)
                              obj/default/hello_world.o (__mulsi3)
c:/intelfpga_lite/22.1std/nios2eds/bin/gnu/h-x86_64-mingw32/bin/../lib/gcc/nios2-elf/12.1.1/mno-hw-mul\libgcc.a(divsf3.o)
                              obj/default/hello_world.o (__divsf3)
c:/intelfpga_lite/22.1std/nios2eds/bin/gnu/h-x86_64-mingw32/bin/../lib/gcc/nios2-elf/12.1.1/mno-hw-mul\libgcc.a(mulsf3.o)
                              obj/default/hello_world.o (__mulsf3)
c:/intelfpga_lite/22.1std/nios2eds/bin/gnu/h-x86_64-mingw32/bin/../lib/gcc/nios2-elf/12.1.1/mno-hw-mul\libgcc.a(fixsfsi.o)
                              obj/default/hello_world.o (__fixsfsi)
c:/intelfpga_lite/22.1std/nios2eds/bin/gnu/h-x86_64-mingw32/bin/../lib/gcc/nios2-elf/12.1.1/mno-hw-mul\libgcc.a(floatsisf.o)
                              obj/default/hello_world.o (__floatsisf)
c:/intelfpga_lite/22.1std/nios2eds/bin/gnu/h-x86_64-mingw32/bin/../lib/gcc/nios2-elf/12.1.1/mno-hw-mul\libgcc.a(adddf3.o)
                              c:/intelfpga_lite/22.1std/nios2eds/bin/gnu/h-x86_64-mingw32/bin/../lib/gcc/nios2-elf/12.1.1/../../../../../H-x86_64-mingw32/nios2-elf/lib/mno-hw-mul\libm.a(lib_a-s_round.o) (__adddf3)
c:/intelfpga_lite/22.1std/nios2eds/bin/gnu/h-x86_64-mingw32/bin/../lib/gcc/nios2-elf/12.1.1/mno-hw-mul\libgcc.a(fixdfsi.o)
                              obj/default/hello_world.o (__fixdfsi)
c:/intelfpga_lite/22.1std/nios2eds/bin/gnu/h-x86_64-mingw32/bin/../lib/gcc/nios2-elf/12.1.1/mno-hw-mul\libgcc.a(extendsfdf2.o)
                              obj/default/hello_world.o (__extendsfdf2)
c:/intelfpga_lite/22.1std/nios2eds/bin/gnu/h-x86_64-mingw32/bin/../lib/gcc/nios2-elf/12.1.1/mno-hw-mul\libgcc.a(_clzsi2.o)
                              c:/intelfpga_lite/22.1std/nios2eds/bin/gnu/h-x86_64-mingw32/bin/../lib/gcc/nios2-elf/12.1.1/mno-hw-mul\libgcc.a(divsf3.o) (__clzsi2)
c:/intelfpga_lite/22.1std/nios2eds/bin/gnu/h-x86_64-mingw32/bin/../lib/gcc/nios2-elf/12.1.1/mno-hw-mul\libgcc.a(_clz.o)
                              c:/intelfpga_lite/22.1std/nios2eds/bin/gnu/h-x86_64-mingw32/bin/../lib/gcc/nios2-elf/12.1.1/mno-hw-mul\libgcc.a(_clzsi2.o) (__clz_tab)
c:/intelfpga_lite/22.1std/nios2eds/bin/gnu/h-x86_64-mingw32/bin/../lib/gcc/nios2-elf/12.1.1/../../../../../H-x86_64-mingw32/nios2-elf/lib/mno-hw-mul\libc.a(lib_a-malloc.o)
                              obj/default/hello_world.o (malloc)
c:/intelfpga_lite/22.1std/nios2eds/bin/gnu/h-x86_64-mingw32/bin/../lib/gcc/nios2-elf/12.1.1/../../../../../H-x86_64-mingw32/nios2-elf/lib/mno-hw-mul\libc.a(lib_a-mallocr.o)
                              c:/intelfpga_lite/22.1std/nios2eds/bin/gnu/h-x86_64-mingw32/bin/../lib/gcc/nios2-elf/12.1.1/../../../../../H-x86_64-mingw32/nios2-elf/lib/mno-hw-mul\libc.a(lib_a-malloc.o) (_malloc_r)
c:/intelfpga_lite/22.1std/nios2eds/bin/gnu/h-x86_64-mingw32/bin/../lib/gcc/nios2-elf/12.1.1/../../../../../H-x86_64-mingw32/nios2-elf/lib/mno-hw-mul\libc.a(lib_a-memcpy.o)
                              obj/default/hello_world.o (memcpy)
c:/intelfpga_lite/22.1std/nios2eds/bin/gnu/h-x86_64-mingw32/bin/../lib/gcc/nios2-elf/12.1.1/../../../../../H-x86_64-mingw32/nios2-elf/lib/mno-hw-mul\libc.a(lib_a-printf.o)
                              obj/default/hello_world.o (printf)
c:/intelfpga_lite/22.1std/nios2eds/bin/gnu/h-x86_64-mingw32/bin/../lib/gcc/nios2-elf/12.1.1/../../../../../H-x86_64-mingw32/nios2-elf/lib/mno-hw-mul\libc.a(lib_a-puts.o)
                              obj/default/hello_world.o (puts)
c:/intelfpga_lite/22.1std/nios2eds/bin/gnu/h-x86_64-mingw32/bin/../lib/gcc/nios2-elf/12.1.1/../../../../../H-x86_64-mingw32/nios2-elf/lib/mno-hw-mul\libc.a(lib_a-sbrkr.o)
                              c:/intelfpga_lite/22.1std/nios2eds/bin/gnu/h-x86_64-mingw32/bin/../lib/gcc/nios2-elf/12.1.1/../../../../../H-x86_64-mingw32/nios2-elf/lib/mno-hw-mul\libc.a(lib_a-mallocr.o) (_sbrk_r)
c:/intelfpga_lite/22.1std/nios2eds/bin/gnu/h-x86_64-mingw32/bin/../lib/gcc/nios2-elf/12.1.1/../../../../../H-x86_64-mingw32/nios2-elf/lib/mno-hw-mul\libc.a(lib_a-strlen.o)
                              c:/intelfpga_lite/22.1std/nios2eds/bin/gnu/h-x86_64-mingw32/bin/../lib/gcc/nios2-elf/12.1.1/../../../../../H-x86_64-mingw32/nios2-elf/lib/mno-hw-mul\libc.a(lib_a-puts.o) (strlen)
[...]
Memory Configuration

Name             Origin             Length             Attributes
reset            0x0000000000020000 0x0000000000000020
onchip_memory    0x0000000000020020 0x0000000000018680
*default*        0x0000000000000000 0xffffffffffffffff

Linker script and memory map

LOAD c:/Users/james/Desktop/Imperial/Informationprocessing/Lab3/task1/software/3axis_bsp//obj/HAL/src/crt0.o
LOAD obj/default/.metadata/.plugins/org.eclipse.cdt.make.core/specs.o
LOAD obj/default/.metadata/.plugins/org.eclipse.cdt.managedbuilder.core/spec.o
LOAD obj/default/hello_world.o
LOAD obj/default/.metadata/.plugins/org.eclipse.cdt.make.core/specs.o
LOAD c:/intelfpga_lite/22.1std/nios2eds/bin/gnu/h-x86_64-mingw32/bin/../lib/gcc/nios2-elf/12.1.1/../../../../../H-x86_64-mingw32/nios2-elf/lib/mno-hw-mul\libstdc++.a
LOAD c:/intelfpga_lite/22.1std/nios2eds/bin/gnu/h-x86_64-mingw32/bin/../lib/gcc/nios2-elf/12.1.1/../../../../../H-x86_64-mingw32/nios2-elf/lib/mno-hw-mul\libm.a
LOAD c:/intelfpga_lite/22.1std/nios2eds/bin/gnu/h-x86_64-mingw32/bin/../lib/gcc/nios2-elf/12.1.1/mno-hw-mul\libgcc.a
START GROUP
LOAD c:/intelfpga_lite/22.1std/nios2eds/bin/gnu/h-x86_64-mingw32/bin/../lib/gcc/nios2-elf/12.1.1/../../../../../H-x86_64-mingw32/nios2-elf/lib/mno-hw-mul\libc.a
LOAD c:/intelfpga_lite/22.1std/nios2eds/bin/gnu/h-x86_64-mingw32/bin/../lib/gcc/nios2-elf/12.1.1/mno-hw-mul\libgcc.a
LOAD c:/Users/james/Desktop/Imperial/Informationprocessing/Lab3/task1/software/3axis_bsp/\libhal_bsp.a
LOAD c:/intelfpga_lite/22.1std/nios2eds/bin/gnu/h-x86_64-mingw32/bin/../lib/gcc/nios2-elf/12.1.1/../../../../../H-x86_64-mingw32/nios2-elf/lib/mno-hw-mul\libm.a
END GROUP
LOAD c:/intelfpga_lite/22.1std/nios2eds/bin/gnu/h-x86_64-mingw32/bin/../lib/gcc/nios2-elf/12.1.1/mno-hw-mul\libgcc.a
                0x0000000000020000                __alt_mem_onchip_memory = 0x20000

.entry          0x0000000000020000       0x20
 *(.entry)
 .entry         0x0000000000020000       0x20 c:/Users/james/Desktop/Imperial/Informationprocessing/Lab3/task1/software/3axis_bsp//obj/HAL/src/crt0.o
                0x0000000000020000                __reset

.exceptions     0x0000000000020020      0x208
                0x0000000000020020                PROVIDE (__ram_exceptions_start = ABSOLUTE (.))
                0x0000000000020020                . = ALIGN (0x20)
 *(.irq)
 *(.exceptions.entry.label)
 .exceptions.entry.label
                0x0000000000020020        0x0 c:/Users/james/Desktop/Imperial/Informationprocessing/Lab3/task1/software/3axis_bsp/\libhal_bsp.a(alt_irq_entry.o)
                0x0000000000020020                alt_irq_entry
 .exceptions.entry.label
                0x0000000000020020        0x0 c:/Users/james/Desktop/Imperial/Informationprocessing/Lab3/task1/software/3axis_bsp/\libhal_bsp.a(alt_exception_entry.o)
                0x0000000000020020                alt_exception
 *(.exceptions.entry.user)
 *(.exceptions.entry.ecc_fatal)
 *(.exceptions.entry)
 .exceptions.entry
                0x0000000000020020       0x54 c:/Users/james/Desktop/Imperial/Informationprocessing/Lab3/task1/software/3axis_bsp/\libhal_bsp.a(alt_exception_entry.o)
 *(.exceptions.irqtest.user)
 *(.exceptions.irqtest)
 .exceptions.irqtest
                0x0000000000020074       0x10 c:/Users/james/Desktop/Imperial/Informationprocessing/Lab3/task1/software/3axis_bsp/\libhal_bsp.a(alt_irq_entry.o)
 *(.exceptions.irqhandler.user)
 *(.exceptions.irqhandler)
 .exceptions.irqhandler
                0x0000000000020084        0x4 c:/Users/james/Desktop/Imperial/Informationprocessing/Lab3/task1/software/3axis_bsp/\libhal_bsp.a(alt_irq_entry.o)
 *(.exceptions.irqreturn.user)
 *(.exceptions.irqreturn)
 .exceptions.irqreturn
                0x0000000000020088        0x4 c:/Users/james/Desktop/Imperial/Informationprocessing/Lab3/task1/software/3axis_bsp/\libhal_bsp.a(alt_irq_entry.o)
 *(.exceptions.notirq.label)
 .exceptions.notirq.label
                0x000000000002008c        0x0 c:/Users/james/Desktop/Imperial/Informationprocessing/Lab3/task1/software/3axis_bsp/\libhal_bsp.a(alt_irq_entry.o)
 *(.exceptions.notirq.user)
 *(.exceptions.notirq)
 .exceptions.notirq
                0x000000000002008c        0x8 c:/Users/james/Desktop/Imperial/Informationprocessing/Lab3/task1/software/3axis_bsp/\libhal_bsp.a(alt_exception_entry.o)
 *(.exceptions.soft.user)
 *(.exceptions.soft)
 *(.exceptions.unknown.user)
 *(.exceptions.unknown)
 .exceptions.unknown
                0x0000000000020094       0x14 c:/Users/james/Desktop/Imperial/Informationprocessing/Lab3/task1/software/3axis_bsp/\libhal_bsp.a(alt_exception_entry.o)
 *(.exceptions.exit.label)
 .exceptions.exit.label
                0x00000000000200a8        0x0 c:/Users/james/Desktop/Imperial/Informationprocessing/Lab3/task1/software/3axis_bsp/\libhal_bsp.a(alt_irq_entry.o)
 .exceptions.exit.label
                0x00000000000200a8        0x0 c:/Users/james/Desktop/Imperial/Informationprocessing/Lab3/task1/software/3axis_bsp/\libhal_bsp.a(alt_exception_entry.o)
 *(.exceptions.exit.user)
 *(.exceptions.exit)
 .exceptions.exit
                0x00000000000200a8       0x54 c:/Users/james/Desktop/Imperial/Informationprocessing/Lab3/task1/software/3axis_bsp/\libhal_bsp.a(alt_exception_entry.o)
 *(.exceptions)
 .exceptions    0x00000000000200fc       0xcc c:/Users/james/Desktop/Imperial/Informationprocessing/Lab3/task1/software/3axis_bsp/\libhal_bsp.a(alt_irq_handler.o)
                0x00000000000200fc                alt_irq_handler
 .exceptions    0x00000000000201c8       0x60 c:/Users/james/Desktop/Imperial/Informationprocessing/Lab3/task1/software/3axis_bsp/\libhal_bsp.a(alt_instruction_exception_entry.o)
                0x00000000000201c8                alt_instruction_exception_entry
                0x0000000000020228                PROVIDE (__ram_exceptions_end = ABSOLUTE (.))
                0x0000000000020020                PROVIDE (__flash_exceptions_start = LOADADDR (.exceptions))

.text           0x0000000000020228    0x11224
                [!provide]                        PROVIDE (stext = ABSOLUTE (.))
 *(.interp)
 *(.hash)
 *(.dynsym)
 *(.dynstr)
 *(.gnu.version)
 *(.gnu.version_d)
 *(.gnu.version_r)
 *(.rel.init)
 *(.rela.init)
 *(.rel.text .rel.text.* .rel.gnu.linkonce.t.*)
 *(.rela.text .rela.text.* .rela.gnu.linkonce.t.*)
 *(.rel.fini)
 *(.rela.fini)
 *(.rel.rodata .rel.rodata.* .rel.gnu.linkonce.r.*)
 *(.rela.rodata .rela.rodata.* .rela.gnu.linkonce.r.*)
 *(.rel.data .rel.data.* .rel.gnu.linkonce.d.*)
 *(.rela.data .rela.data.* .rela.gnu.linkonce.d.*)
 *(.rel.tdata .rel.tdata.* .rel.gnu.linkonce.td.*)
 *(.rela.tdata .rela.tdata.* .rela.gnu.linkonce.td.*)
 *(.rel.tbss .rel.tbss.* .rel.gnu.linkonce.tb.*)
 *(.rela.tbss .rela.tbss.* .rela.gnu.linkonce.tb.*)
 *(.rel.ctors)
 *(.rela.ctors)
 *(.rel.dtors)
 *(.rela.dtors)
 *(.rel.got)
 *(.rela.got)
 *(.rel.sdata .rel.sdata.* .rel.gnu.linkonce.s.*)
 *(.rela.sdata .rela.sdata.* .rela.gnu.linkonce.s.*)
 *(.rel.sbss .rel.sbss.* .rel.gnu.linkonce.sb.*)
 *(.rela.sbss .rela.sbss.* .rela.gnu.linkonce.sb.*)
 *(.rel.sdata2 .rel.sdata2.* .rel.gnu.linkonce.s2.*)
 *(.rela.sdata2 .rela.sdata2.* .rela.gnu.linkonce.s2.*)
 *(.rel.sbss2 .rel.sbss2.* .rel.gnu.linkonce.sb2.*)
 *(.rela.sbss2 .rela.sbss2.* .rela.gnu.linkonce.sb2.*)
 *(.rel.bss .rel.bss.* .rel.gnu.linkonce.b.*)
 *(.rela.bss .rela.bss.* .rela.gnu.linkonce.b.*)
 *(.rel.plt)
 *(.rela.plt)
 *(.rel.dyn)
 *(.init)
 *(.plt)
 *(.text .stub .text.* .gnu.linkonce.t.*)
 .text          0x0000000000020228       0x3c c:/Users/james/Desktop/Imperial/Informationprocessing/Lab3/task1/software/3axis_bsp//obj/HAL/src/crt0.o
                0x0000000000020228                _start
 .text          0x0000000000020264        0x0 obj/default/.metadata/.plugins/org.eclipse.cdt.make.core/specs.o
 .text          0x0000000000020264        0x0 obj/default/.metadata/.plugins/org.eclipse.cdt.managedbuilder.core/spec.o
 .text          0x0000000000020264      0x4a0 obj/default/hello_world.o
                0x0000000000020264                float_to_fixed
                0x00000000000202d0                fixed_to_float
                0x000000000002031c                led_write
                0x0000000000020350                convert_read
                0x00000000000203e0                sys_timer_isr
                0x00000000000204ac                timer_init
                0x0000000000020528                FIR
                0x00000000000205d4                main
 .text          0x0000000000020704        0x0 obj/default/.metadata/.plugins/org.eclipse.cdt.make.core/specs.o
 .text          0x0000000000020704        0x0 c:/intelfpga_lite/22.1std/nios2eds/bin/gnu/h-x86_64-mingw32/bin/../lib/gcc/nios2-elf/12.1.1/../../../../../H-x86_64-mingw32/nios2-elf/lib/mno-hw-mul\libm.a(lib_a-s_round.o)
 .text.round    0x0000000000020704       0xe8 c:/intelfpga_lite/22.1std/nios2eds/bin/gnu/h-x86_64-mingw32/bin/../lib/gcc/nios2-elf/12.1.1/../../../../../H-x86_64-mingw32/nios2-elf/lib/mno-hw-mul\libm.a(lib_a-s_round.o)
                0x0000000000020704                round
 .text          0x00000000000207ec      0x1b4 c:/intelfpga_lite/22.1std/nios2eds/bin/gnu/h-x86_64-mingw32/bin/../lib/gcc/nios2-elf/12.1.1/mno-hw-mul\libgcc.a(lib2-divmod.o)
                0x00000000000207ec                __divsi3
                0x000000000002086c                __modsi3
                0x00000000000208e0                __udivsi3
                0x0000000000020944                __umodsi3
 .text          0x00000000000209a0       0x28 c:/intelfpga_lite/22.1std/nios2eds/bin/gnu/h-x86_64-mingw32/bin/../lib/gcc/nios2-elf/12.1.1/mno-hw-mul\libgcc.a(lib2-mul.o)
                0x00000000000209a0                __mulsi3
 .text          0x00000000000209c8      0x418 c:/intelfpga_lite/22.1std/nios2eds/bin/gnu/h-x86_64-mingw32/bin/../lib/gcc/nios2-elf/12.1.1/mno-hw-mul\libgcc.a(divsf3.o)
                0x00000000000209c8                __divsf3
 .text          0x0000000000020de0      0x41c c:/intelfpga_lite/22.1std/nios2eds/bin/gnu/h-x86_64-mingw32/bin/../lib/gcc/nios2-elf/12.1.1/mno-hw-mul\libgcc.a(mulsf3.o)
                0x0000000000020de0                __mulsf3
 .text          0x00000000000211fc       0x70 c:/intelfpga_lite/22.1std/nios2eds/bin/gnu/h-x86_64-mingw32/bin/../lib/gcc/nios2-elf/12.1.1/mno-hw-mul\libgcc.a(fixsfsi.o)
                0x00000000000211fc                __fixsfsi
 .text          0x000000000002126c      0x128 c:/intelfpga_lite/22.1std/nios2eds/bin/gnu/h-x86_64-mingw32/bin/../lib/gcc/nios2-elf/12.1.1/mno-hw-mul\libgcc.a(floatsisf.o)
                0x000000000002126c                __floatsisf
 .text          0x0000000000021394      0x904 c:/intelfpga_lite/22.1std/nios2eds/bin/gnu/h-x86_64-mingw32/bin/../lib/gcc/nios2-elf/12.1.1/mno-hw-mul\libgcc.a(adddf3.o)
                0x0000000000021394                __adddf3
 .text          0x0000000000021c98       0x80 c:/intelfpga_lite/22.1std/nios2eds/bin/gnu/h-x86_64-mingw32/bin/../lib/gcc/nios2-elf/12.1.1/mno-hw-mul\libgcc.a(fixdfsi.o)
                0x0000000000021c98                __fixdfsi
 .text          0x0000000000021d18       0xfc c:/intelfpga_lite/22.1std/nios2eds/bin/gnu/h-x86_64-mingw32/bin/../lib/gcc/nios2-elf/12.1.1/mno-hw-mul\libgcc.a(extendsfdf2.o)
                0x0000000000021d18                __extendsfdf2
 .text          0x0000000000021e14       0x50 c:/intelfpga_lite/22.1std/nios2eds/bin/gnu/h-x86_64-mingw32/bin/../lib/gcc/nios2-elf/12.1.1/mno-hw-mul\libgcc.a(_clzsi2.o)
                0x0000000000021e14                __clzsi2
 .text          0x0000000000021e64        0x0 c:/intelfpga_lite/22.1std/nios2eds/bin/gnu/h-x86_64-mingw32/bin/../lib/gcc/nios2-elf/12.1.1/mno-hw-mul\libgcc.a(_clz.o)
 .text          0x0000000000021e64        0x0 c:/intelfpga_lite/22.1std/nios2eds/bin/gnu/h-x86_64-mingw32/bin/../lib/gcc/nios2-elf/12.1.1/../../../../../H-x86_64-mingw32/nios2-elf/lib/mno-hw-mul\libc.a(lib_a-malloc.o)
 .text.malloc   0x0000000000021e64       0x10 c:/intelfpga_lite/22.1std/nios2eds/bin/gnu/h-x86_64-mingw32/bin/../lib/gcc/nios2-elf/12.1.1/../../../../../H-x86_64-mingw32/nios2-elf/lib/mno-hw-mul\libc.a(lib_a-malloc.o)
                0x0000000000021e64                malloc
 .text.free     0x0000000000021e74       0x10 c:/intelfpga_lite/22.1std/nios2eds/bin/gnu/h-x86_64-mingw32/bin/../lib/gcc/nios2-elf/12.1.1/../../../../../H-x86_64-mingw32/nios2-elf/lib/mno-hw-mul\libc.a(lib_a-malloc.o)
                0x0000000000021e74                free
 .text          0x0000000000021e84        0x0 c:/intelfpga_lite/22.1std/nios2eds/bin/gnu/h-x86_64-mingw32/bin/../lib/gcc/nios2-elf/12.1.1/../../../../../H-x86_64-mingw32/nios2-elf/lib/mno-hw-mul\libc.a(lib_a-mallocr.o)
 .text._malloc_r
                0x0000000000021e84      0x7b4 c:/intelfpga_lite/22.1std/nios2eds/bin/gnu/h-x86_64-mingw32/bin/../lib/gcc/nios2-elf/12.1.1/../../../../../H-x86_64-mingw32/nios2-elf/lib/mno-hw-mul\libc.a(lib_a-mallocr.o)
                0x0000000000021e84                _malloc_r
 .text          0x0000000000022638        0x0 c:/intelfpga_lite/22.1std/nios2eds/bin/gnu/h-x86_64-mingw32/bin/../lib/gcc/nios2-elf/12.1.1/../../../../../H-x86_64-mingw32/nios2-elf/lib/mno-hw-mul\libc.a(lib_a-memcpy.o)
 .text.memcpy   0x0000000000022638      0x100 c:/intelfpga_lite/22.1std/nios2eds/bin/gnu/h-x86_64-mingw32/bin/../lib/gcc/nios2-elf/12.1.1/../../../../../H-x86_64-mingw32/nios2-elf/lib/mno-hw-mul\libc.a(lib_a-memcpy.o)
                0x0000000000022638                memcpy
 .text          0x0000000000022738        0x0 c:/intelfpga_lite/22.1std/nios2eds/bin/gnu/h-x86_64-mingw32/bin/../lib/gcc/nios2-elf/12.1.1/../../../../../H-x86_64-mingw32/nios2-elf/lib/mno-hw-mul\libc.a(lib_a-printf.o)
 .text._printf_r
                0x0000000000022738       0x30 c:/intelfpga_lite/22.1std/nios2eds/bin/gnu/h-x86_64-mingw32/bin/../lib/gcc/nios2-elf/12.1.1/../../../../../H-x86_64-mingw32/nios2-elf/lib/mno-hw-mul\libc.a(lib_a-printf.o)
                0x0000000000022738                _printf_r
 .text.printf   0x0000000000022768       0x38 c:/intelfpga_lite/22.1std/nios2eds/bin/gnu/h-x86_64-mingw32/bin/../lib/gcc/nios2-elf/12.1.1/../../../../../H-x86_64-mingw32/nios2-elf/lib/mno-hw-mul\libc.a(lib_a-printf.o)
                0x0000000000022768                printf
 .text          0x00000000000227a0        0x0 c:/intelfpga_lite/22.1std/nios2eds/bin/gnu/h-x86_64-mingw32/bin/../lib/gcc/nios2-elf/12.1.1/../../../../../H-x86_64-mingw32/nios2-elf/lib/mno-hw-mul\libc.a(lib_a-puts.o)
 .text._puts_r  0x00000000000227a0       0xd0 c:/intelfpga_lite/22.1std/nios2eds/bin/gnu/h-x86_64-mingw32/bin/../lib/gcc/nios2-elf/12.1.1/../../../../../H-x86_64-mingw32/nios2-elf/lib/mno-hw-mul\libc.a(lib_a-puts.o)
                0x00000000000227a0                _puts_r
 .text.puts     0x0000000000022870       0x10 c:/intelfpga_lite/22.1std/nios2eds/bin/gnu/h-x86_64-mingw32/bin/../lib/gcc/nios2-elf/12.1.1/../../../../../H-x86_64-mingw32/nios2-elf/lib/mno-hw-mul\libc.a(lib_a-puts.o)
                0x0000000000022870                puts
 .text          0x0000000000022880        0x0 c:/intelfpga_lite/22.1std/nios2eds/bin/gnu/h-x86_64-mingw32/bin/../lib/gcc/nios2-elf/12.1.1/../../../../../H-x86_64-mingw32/nios2-elf/lib/mno-hw-mul\libc.a(lib_a-sbrkr.o)
 .text._sbrk_r  0x0000000000022880       0x58 c:/intelfpga_lite/22.1std/nios2eds/bin/gnu/h-x86_64-mingw32/bin/../lib/gcc/nios2-elf/12.1.1/../../../../../H-x86_64-mingw32/nios2-elf/lib/mno-hw-mul\libc.a(lib_a-sbrkr.o)
                0x0000000000022880                _sbrk_r
 .text          0x00000000000228d8        0x0 c:/intelfpga_lite/22.1std/nios2eds/bin/gnu/h-x86_64-mingw32/bin/../lib/gcc/nios2-elf/12.1.1/../../../../../H-x86_64-mingw32/nios2-elf/lib/mno-hw-mul\libc.a(lib_a-strlen.o)
 .text.strlen   0x00000000000228d8       0x98 c:/intelfpga_lite/22.1std/nios2eds/bin/gnu/h-x86_64-mingw32/bin/../lib/gcc/nios2-elf/12.1.1/../../../../../H-x86_64-mingw32/nios2-elf/lib/mno-hw-mul\libc.a(lib_a-strlen.o)
                0x00000000000228d8                strlen
 .text          0x0000000000022970        0x0 c:/intelfpga_lite/22.1std/nios2eds/bin/gnu/h-x86_64-mingw32/bin/../lib/gcc/nios2-elf/12.1.1/../../../../../H-x86_64-mingw32/nios2-elf/lib/mno-hw-mul\libc.a(lib_a-vfprintf.o)
 .text.___vfprintf_internal_r
                0x0000000000022970     0x24b0 c:/intelfpga_lite/22.1std/nios2eds/bin/gnu/h-x86_64-mingw32/bin/../lib/gcc/nios2-elf/12.1.1/../../../../../H-x86_64-mingw32/nios2-elf/lib/mno-hw-mul\libc.a(lib_a-vfprintf.o)
                0x0000000000022970                ___vfprintf_internal_r
 .text.__vfprintf_internal
                0x0000000000024e20       0x1c c:/intelfpga_lite/22.1std/nios2eds/bin/gnu/h-x86_64-mingw32/bin/../lib/gcc/nios2-elf/12.1.1/../../../../../H-x86_64-mingw32/nios2-elf/lib/mno-hw-mul\libc.a(lib_a-vfprintf.o)
                0x0000000000024e20                __vfprintf_internal
 .text.__sbprintf
                0x0000000000024e3c       0xc4 c:/intelfpga_lite/22.1std/nios2eds/bin/gnu/h-x86_64-mingw32/bin/../lib/gcc/nios2-elf/12.1.1/../../../../../H-x86_64-mingw32/nios2-elf/lib/mno-hw-mul\libc.a(lib_a-vfprintf.o)
 .text          0x0000000000024f00        0x0 c:/intelfpga_lite/22.1std/nios2eds/bin/gnu/h-x86_64-mingw32/bin/../lib/gcc/nios2-elf/12.1.1/../../../../../H-x86_64-mingw32/nios2-elf/lib/mno-hw-mul\libc.a(lib_a-wsetup.o)
 .text.__swsetup_r
                0x0000000000024f00      0x14c c:/intelfpga_lite/22.1std/nios2eds/bin/gnu/h-x86_64-mingw32/bin/../lib/gcc/nios2-elf/12.1.1/../../../../../H-x86_64-mingw32/nios2-elf/lib/mno-hw-mul\libc.a(lib_a-wsetup.o)
                0x0000000000024f00                __swsetup_r
 .text          0x000000000002504c        0x0 c:/intelfpga_lite/22.1std/nios2eds/bin/gnu/h-x86_64-mingw32/bin/../lib/gcc/nios2-elf/12.1.1/../../../../../H-x86_64-mingw32/nios2-elf/lib/mno-hw-mul\libc.a(lib_a-dtoa.o)
 .text.quorem   0x000000000002504c      0x218 c:/intelfpga_lite/22.1std/nios2eds/bin/gnu/h-x86_64-mingw32/bin/../lib/gcc/nios2-elf/12.1.1/../../../../../H-x86_64-mingw32/nios2-elf/lib/mno-hw-mul\libc.a(lib_a-dtoa.o)
 .text._dtoa_r  0x0000000000025264     0x17e8 c:/intelfpga_lite/22.1std/nios2eds/bin/gnu/h-x86_64-mingw32/bin/../lib/gcc/nios2-elf/12.1.1/../../../../../H-x86_64-mingw32/nios2-elf/lib/mno-hw-mul\libc.a(lib_a-dtoa.o)
                0x0000000000025264                _dtoa_r
 .text          0x0000000000026a4c        0x0 c:/intelfpga_lite/22.1std/nios2eds/bin/gnu/h-x86_64-mingw32/bin/../lib/gcc/nios2-elf/12.1.1/../../../../../H-x86_64-mingw32/nios2-elf/lib/mno-hw-mul\libc.a(lib_a-fflush.o)
 .text.__sflush_r
                0x0000000000026a4c      0x208 c:/intelfpga_lite/22.1std/nios2eds/bin/gnu/h-x86_64-mingw32/bin/../lib/gcc/nios2-elf/12.1.1/../../../../../H-x86_64-mingw32/nios2-elf/lib/mno-hw-mul\libc.a(lib_a-fflush.o)
                0x0000000000026a4c                __sflush_r
 .text._fflush_r
                0x0000000000026c54       0x60 c:/intelfpga_lite/22.1std/nios2eds/bin/gnu/h-x86_64-mingw32/bin/../lib/gcc/nios2-elf/12.1.1/../../../../../H-x86_64-mingw32/nios2-elf/lib/mno-hw-mul\libc.a(lib_a-fflush.o)
                0x0000000000026c54                _fflush_r
 .text.fflush   0x0000000000026cb4       0x84 c:/intelfpga_lite/22.1std/nios2eds/bin/gnu/h-x86_64-mingw32/bin/../lib/gcc/nios2-elf/12.1.1/../../../../../H-x86_64-mingw32/nios2-elf/lib/mno-hw-mul\libc.a(lib_a-fflush.o)
                0x0000000000026cb4                fflush
 .text          0x0000000000026d38        0x0 c:/intelfpga_lite/22.1std/nios2eds/bin/gnu/h-x86_64-mingw32/bin/../lib/gcc/nios2-elf/12.1.1/../../../../../H-x86_64-mingw32/nios2-elf/lib/mno-hw-mul\libc.a(lib_a-findfp.o)
 .text.__fp_lock
                0x0000000000026d38        0x8 c:/intelfpga_lite/22.1std/nios2eds/bin/gnu/h-x86_64-mingw32/bin/../lib/gcc/nios2-elf/12.1.1/../../../../../H-x86_64-mingw32/nios2-elf/lib/mno-hw-mul\libc.a(lib_a-findfp.o)
 .text._cleanup_r
                0x0000000000026d40        0xc c:/intelfpga_lite/22.1std/nios2eds/bin/gnu/h-x86_64-mingw32/bin/../lib/gcc/nios2-elf/12.1.1/../../../../../H-x86_64-mingw32/nios2-elf/lib/mno-hw-mul\libc.a(lib_a-findfp.o)
                0x0000000000026d40                _cleanup_r
 .text.__fp_unlock
                0x0000000000026d4c        0x8 c:/intelfpga_lite/22.1std/nios2eds/bin/gnu/h-x86_64-mingw32/bin/../lib/gcc/nios2-elf/12.1.1/../../../../../H-x86_64-mingw32/nios2-elf/lib/mno-hw-mul\libc.a(lib_a-findfp.o)
 .text.__sinit.part.0
                0x0000000000026d54      0x168 c:/intelfpga_lite/22.1std/nios2eds/bin/gnu/h-x86_64-mingw32/bin/../lib/gcc/nios2-elf/12.1.1/../../../../../H-x86_64-mingw32/nios2-elf/lib/mno-hw-mul\libc.a(lib_a-findfp.o)
 .text.__sfmoreglue
                0x0000000000026ebc       0x78 c:/intelfpga_lite/22.1std/nios2eds/bin/gnu/h-x86_64-mingw32/bin/../lib/gcc/nios2-elf/12.1.1/../../../../../H-x86_64-mingw32/nios2-elf/lib/mno-hw-mul\libc.a(lib_a-findfp.o)
                0x0000000000026ebc                __sfmoreglue
 .text.__sfp    0x0000000000026f34      0x134 c:/intelfpga_lite/22.1std/nios2eds/bin/gnu/h-x86_64-mingw32/bin/../lib/gcc/nios2-elf/12.1.1/../../../../../H-x86_64-mingw32/nios2-elf/lib/mno-hw-mul\libc.a(lib_a-findfp.o)
                0x0000000000026f34                __sfp
 .text._cleanup
                0x0000000000027068       0x14 c:/intelfpga_lite/22.1std/nios2eds/bin/gnu/h-x86_64-mingw32/bin/../lib/gcc/nios2-elf/12.1.1/../../../../../H-x86_64-mingw32/nios2-elf/lib/mno-hw-mul\libc.a(lib_a-findfp.o)
                0x0000000000027068                _cleanup
 .text.__sinit  0x000000000002707c       0x10 c:/intelfpga_lite/22.1std/nios2eds/bin/gnu/h-x86_64-mingw32/bin/../lib/gcc/nios2-elf/12.1.1/../../../../../H-x86_64-mingw32/nios2-elf/lib/mno-hw-mul\libc.a(lib_a-findfp.o)
                0x000000000002707c                __sinit
 .text.__sfp_lock_acquire
                0x000000000002708c        0x4 c:/intelfpga_lite/22.1std/nios2eds/bin/gnu/h-x86_64-mingw32/bin/../lib/gcc/nios2-elf/12.1.1/../../../../../H-x86_64-mingw32/nios2-elf/lib/mno-hw-mul\libc.a(lib_a-findfp.o)
                0x000000000002708c                __sfp_lock_acquire
 .text.__sfp_lock_release
                0x0000000000027090        0x4 c:/intelfpga_lite/22.1std/nios2eds/bin/gnu/h-x86_64-mingw32/bin/../lib/gcc/nios2-elf/12.1.1/../../../../../H-x86_64-mingw32/nios2-elf/lib/mno-hw-mul\libc.a(lib_a-findfp.o)
                0x0000000000027090                __sfp_lock_release
 .text.__sinit_lock_acquire
                0x0000000000027094        0x4 c:/intelfpga_lite/22.1std/nios2eds/bin/gnu/h-x86_64-mingw32/bin/../lib/gcc/nios2-elf/12.1.1/../../../../../H-x86_64-mingw32/nios2-elf/lib/mno-hw-mul\libc.a(lib_a-findfp.o)
                0x0000000000027094                __sinit_lock_acquire
 .text.__sinit_lock_release
                0x0000000000027098        0x4 c:/intelfpga_lite/22.1std/nios2eds/bin/gnu/h-x86_64-mingw32/bin/../lib/gcc/nios2-elf/12.1.1/../../../../../H-x86_64-mingw32/nios2-elf/lib/mno-hw-mul\libc.a(lib_a-findfp.o)
                0x0000000000027098                __sinit_lock_release
 .text.__fp_lock_all
                0x000000000002709c       0x14 c:/intelfpga_lite/22.1std/nios2eds/bin/gnu/h-x86_64-mingw32/bin/../lib/gcc/nios2-elf/12.1.1/../../../../../H-x86_64-mingw32/nios2-elf/lib/mno-hw-mul\libc.a(lib_a-findfp.o)
                0x000000000002709c                __fp_lock_all
 .text.__fp_unlock_all
                0x00000000000270b0       0x14 c:/intelfpga_lite/22.1std/nios2eds/bin/gnu/h-x86_64-mingw32/bin/../lib/gcc/nios2-elf/12.1.1/../../../../../H-x86_64-mingw32/nios2-elf/lib/mno-hw-mul\libc.a(lib_a-findfp.o)
                0x00000000000270b0                __fp_unlock_all
 .text          0x00000000000270c4        0x0 c:/intelfpga_lite/22.1std/nios2eds/bin/gnu/h-x86_64-mingw32/bin/../lib/gcc/nios2-elf/12.1.1/../../../../../H-x86_64-mingw32/nios2-elf/lib/mno-hw-mul\libc.a(lib_a-freer.o)
 .text._malloc_trim_r
                0x00000000000270c4      0x124 c:/intelfpga_lite/22.1std/nios2eds/bin/gnu/h-x86_64-mingw32/bin/../lib/gcc/nios2-elf/12.1.1/../../../../../H-x86_64-mingw32/nios2-elf/lib/mno-hw-mul\libc.a(lib_a-freer.o)
                0x00000000000270c4                _malloc_trim_r
 .text._free_r  0x00000000000271e8      0x308 c:/intelfpga_lite/22.1std/nios2eds/bin/gnu/h-x86_64-mingw32/bin/../lib/gcc/nios2-elf/12.1.1/../../../../../H-x86_64-mingw32/nios2-elf/lib/mno-hw-mul\libc.a(lib_a-freer.o)
                0x00000000000271e8                _free_r
 .text          0x00000000000274f0        0x0 c:/intelfpga_lite/22.1std/nios2eds/bin/gnu/h-x86_64-mingw32/bin/../lib/gcc/nios2-elf/12.1.1/../../../../../H-x86_64-mingw32/nios2-elf/lib/mno-hw-mul\libc.a(lib_a-fvwrite.o)
 .text.__sfvwrite_r
                0x00000000000274f0      0x4a8 c:/intelfpga_lite/22.1std/nios2eds/bin/gnu/h-x86_64-mingw32/bin/../lib/gcc/nios2-elf/12.1.1/../../../../../H-x86_64-mingw32/nios2-elf/lib/mno-hw-mul\libc.a(lib_a-fvwrite.o)
                0x00000000000274f0                __sfvwrite_r
 .text          0x0000000000027998        0x0 c:/intelfpga_lite/22.1std/nios2eds/bin/gnu/h-x86_64-mingw32/bin/../lib/gcc/nios2-elf/12.1.1/../../../../../H-x86_64-mingw32/nios2-elf/lib/mno-hw-mul\libc.a(lib_a-fwalk.o)
 .text._fwalk   0x0000000000027998       0x98 c:/intelfpga_lite/22.1std/nios2eds/bin/gnu/h-x86_64-mingw32/bin/../lib/gcc/nios2-elf/12.1.1/../../../../../H-x86_64-mingw32/nios2-elf/lib/mno-hw-mul\libc.a(lib_a-fwalk.o)
                0x0000000000027998                _fwalk
 .text._fwalk_reent
                0x0000000000027a30       0xa8 c:/intelfpga_lite/22.1std/nios2eds/bin/gnu/h-x86_64-mingw32/bin/../lib/gcc/nios2-elf/12.1.1/../../../../../H-x86_64-mingw32/nios2-elf/lib/mno-hw-mul\libc.a(lib_a-fwalk.o)
                0x0000000000027a30                _fwalk_reent
 .text          0x0000000000027ad8        0x0 c:/intelfpga_lite/22.1std/nios2eds/bin/gnu/h-x86_64-mingw32/bin/../lib/gcc/nios2-elf/12.1.1/../../../../../H-x86_64-mingw32/nios2-elf/lib/mno-hw-mul\libc.a(lib_a-impure.o)
 .text          0x0000000000027ad8        0x0 c:/intelfpga_lite/22.1std/nios2eds/bin/gnu/h-x86_64-mingw32/bin/../lib/gcc/nios2-elf/12.1.1/../../../../../H-x86_64-mingw32/nios2-elf/lib/mno-hw-mul\libc.a(lib_a-int_errno.o)
 .text          0x0000000000027ad8        0x0 c:/intelfpga_lite/22.1std/nios2eds/bin/gnu/h-x86_64-mingw32/bin/../lib/gcc/nios2-elf/12.1.1/../../../../../H-x86_64-mingw32/nios2-elf/lib/mno-hw-mul\libc.a(lib_a-localeconv.o)
 .text.__localeconv_l
                0x0000000000027ad8        0x8 c:/intelfpga_lite/22.1std/nios2eds/bin/gnu/h-x86_64-mingw32/bin/../lib/gcc/nios2-elf/12.1.1/../../../../../H-x86_64-mingw32/nios2-elf/lib/mno-hw-mul\libc.a(lib_a-localeconv.o)
                0x0000000000027ad8                __localeconv_l
 .text._localeconv_r
                0x0000000000027ae0        0xc c:/intelfpga_lite/22.1std/nios2eds/bin/gnu/h-x86_64-mingw32/bin/../lib/gcc/nios2-elf/12.1.1/../../../../../H-x86_64-mingw32/nios2-elf/lib/mno-hw-mul\libc.a(lib_a-localeconv.o)
                0x0000000000027ae0                _localeconv_r
 .text.localeconv
                0x0000000000027aec        0xc c:/intelfpga_lite/22.1std/nios2eds/bin/gnu/h-x86_64-mingw32/bin/../lib/gcc/nios2-elf/12.1.1/../../../../../H-x86_64-mingw32/nios2-elf/lib/mno-hw-mul\libc.a(lib_a-localeconv.o)
                0x0000000000027aec                localeconv
 .text          0x0000000000027af8        0x0 c:/intelfpga_lite/22.1std/nios2eds/bin/gnu/h-x86_64-mingw32/bin/../lib/gcc/nios2-elf/12.1.1/../../../../../H-x86_64-mingw32/nios2-elf/lib/mno-hw-mul\libc.a(lib_a-makebuf.o)
 .text.__smakebuf_r
                0x0000000000027af8      0x1a0 c:/intelfpga_lite/22.1std/nios2eds/bin/gnu/h-x86_64-mingw32/bin/../lib/gcc/nios2-elf/12.1.1/../../../../../H-x86_64-mingw32/nios2-elf/lib/mno-hw-mul\libc.a(lib_a-makebuf.o)
                0x0000000000027af8                __smakebuf_r
 .text.__swhatbuf_r
                0x0000000000027c98       0x8c c:/intelfpga_lite/22.1std/nios2eds/bin/gnu/h-x86_64-mingw32/bin/../lib/gcc/nios2-elf/12.1.1/../../../../../H-x86_64-mingw32/nios2-elf/lib/mno-hw-mul\libc.a(lib_a-makebuf.o)
                0x0000000000027c98                __swhatbuf_r
 .text          0x0000000000027d24        0x0 c:/intelfpga_lite/22.1std/nios2eds/bin/gnu/h-x86_64-mingw32/bin/../lib/gcc/nios2-elf/12.1.1/../../../../../H-x86_64-mingw32/nios2-elf/lib/mno-hw-mul\libc.a(lib_a-memchr.o)
 .text.memchr   0x0000000000027d24       0xfc c:/intelfpga_lite/22.1std/nios2eds/bin/gnu/h-x86_64-mingw32/bin/../lib/gcc/nios2-elf/12.1.1/../../../../../H-x86_64-mingw32/nios2-elf/lib/mno-hw-mul\libc.a(lib_a-memchr.o)
                0x0000000000027d24                memchr
 .text          0x0000000000027e20        0x0 c:/intelfpga_lite/22.1std/nios2eds/bin/gnu/h-x86_64-mingw32/bin/../lib/gcc/nios2-elf/12.1.1/../../../../../H-x86_64-mingw32/nios2-elf/lib/mno-hw-mul\libc.a(lib_a-memmove.o)
 .text.memmove  0x0000000000027e20      0x128 c:/intelfpga_lite/22.1std/nios2eds/bin/gnu/h-x86_64-mingw32/bin/../lib/gcc/nios2-elf/12.1.1/../../../../../H-x86_64-mingw32/nios2-elf/lib/mno-hw-mul\libc.a(lib_a-memmove.o)
                0x0000000000027e20                memmove
 .text          0x0000000000027f48        0x0 c:/intelfpga_lite/22.1std/nios2eds/bin/gnu/h-x86_64-mingw32/bin/../lib/gcc/nios2-elf/12.1.1/../../../../../H-x86_64-mingw32/nios2-elf/lib/mno-hw-mul\libc.a(lib_a-memset.o)
 .text.memset   0x0000000000027f48      0x140 c:/intelfpga_lite/22.1std/nios2eds/bin/gnu/h-x86_64-mingw32/bin/../lib/gcc/nios2-elf/12.1.1/../../../../../H-x86_64-mingw32/nios2-elf/lib/mno-hw-mul\libc.a(lib_a-memset.o)
                0x0000000000027f48                memset
 .text          0x0000000000028088        0x0 c:/intelfpga_lite/22.1std/nios2eds/bin/gnu/h-x86_64-mingw32/bin/../lib/gcc/nios2-elf/12.1.1/../../../../../H-x86_64-mingw32/nios2-elf/lib/mno-hw-mul\libc.a(lib_a-mprec.o)
 .text._Balloc  0x0000000000028088       0xa4 c:/intelfpga_lite/22.1std/nios2eds/bin/gnu/h-x86_64-mingw32/bin/../lib/gcc/nios2-elf/12.1.1/../../../../../H-x86_64-mingw32/nios2-elf/lib/mno-hw-mul\libc.a(lib_a-mprec.o)
                0x0000000000028088                _Balloc
 .text._Bfree   0x000000000002812c       0x24 c:/intelfpga_lite/22.1std/nios2eds/bin/gnu/h-x86_64-mingw32/bin/../lib/gcc/nios2-elf/12.1.1/../../../../../H-x86_64-mingw32/nios2-elf/lib/mno-hw-mul\libc.a(lib_a-mprec.o)
                0x000000000002812c                _Bfree
 .text.__multadd
                0x0000000000028150      0x154 c:/intelfpga_lite/22.1std/nios2eds/bin/gnu/h-x86_64-mingw32/bin/../lib/gcc/nios2-elf/12.1.1/../../../../../H-x86_64-mingw32/nios2-elf/lib/mno-hw-mul\libc.a(lib_a-mprec.o)
                0x0000000000028150                __multadd
 .text.__s2b    0x00000000000282a4      0x138 c:/intelfpga_lite/22.1std/nios2eds/bin/gnu/h-x86_64-mingw32/bin/../lib/gcc/nios2-elf/12.1.1/../../../../../H-x86_64-mingw32/nios2-elf/lib/mno-hw-mul\libc.a(lib_a-mprec.o)
                0x00000000000282a4                __s2b
 .text.__hi0bits
                0x00000000000283dc       0x74 c:/intelfpga_lite/22.1std/nios2eds/bin/gnu/h-x86_64-mingw32/bin/../lib/gcc/nios2-elf/12.1.1/../../../../../H-x86_64-mingw32/nios2-elf/lib/mno-hw-mul\libc.a(lib_a-mprec.o)
                0x00000000000283dc                __hi0bits
 .text.__lo0bits
                0x0000000000028450       0xb0 c:/intelfpga_lite/22.1std/nios2eds/bin/gnu/h-x86_64-mingw32/bin/../lib/gcc/nios2-elf/12.1.1/../../../../../H-x86_64-mingw32/nios2-elf/lib/mno-hw-mul\libc.a(lib_a-mprec.o)
                0x0000000000028450                __lo0bits
 .text.__i2b    0x0000000000028500       0xb0 c:/intelfpga_lite/22.1std/nios2eds/bin/gnu/h-x86_64-mingw32/bin/../lib/gcc/nios2-elf/12.1.1/../../../../../H-x86_64-mingw32/nios2-elf/lib/mno-hw-mul\libc.a(lib_a-mprec.o)
                0x0000000000028500                __i2b
 .text.__multiply
                0x00000000000285b0      0x2c4 c:/intelfpga_lite/22.1std/nios2eds/bin/gnu/h-x86_64-mingw32/bin/../lib/gcc/nios2-elf/12.1.1/../../../../../H-x86_64-mingw32/nios2-elf/lib/mno-hw-mul\libc.a(lib_a-mprec.o)
                0x00000000000285b0                __multiply
 .text.__pow5mult
                0x0000000000028874      0x140 c:/intelfpga_lite/22.1std/nios2eds/bin/gnu/h-x86_64-mingw32/bin/../lib/gcc/nios2-elf/12.1.1/../../../../../H-x86_64-mingw32/nios2-elf/lib/mno-hw-mul\libc.a(lib_a-mprec.o)
                0x0000000000028874                __pow5mult
 .text.__lshift
                0x00000000000289b4      0x188 c:/intelfpga_lite/22.1std/nios2eds/bin/gnu/h-x86_64-mingw32/bin/../lib/gcc/nios2-elf/12.1.1/../../../../../H-x86_64-mingw32/nios2-elf/lib/mno-hw-mul\libc.a(lib_a-mprec.o)
                0x00000000000289b4                __lshift
 .text.__mcmp   0x0000000000028b3c       0x58 c:/intelfpga_lite/22.1std/nios2eds/bin/gnu/h-x86_64-mingw32/bin/../lib/gcc/nios2-elf/12.1.1/../../../../../H-x86_64-mingw32/nios2-elf/lib/mno-hw-mul\libc.a(lib_a-mprec.o)
                0x0000000000028b3c                __mcmp
 .text.__mdiff  0x0000000000028b94      0x230 c:/intelfpga_lite/22.1std/nios2eds/bin/gnu/h-x86_64-mingw32/bin/../lib/gcc/nios2-elf/12.1.1/../../../../../H-x86_64-mingw32/nios2-elf/lib/mno-hw-mul\libc.a(lib_a-mprec.o)
                0x0000000000028b94                __mdiff
 .text.__ulp    0x0000000000028dc4       0x60 c:/intelfpga_lite/22.1std/nios2eds/bin/gnu/h-x86_64-mingw32/bin/../lib/gcc/nios2-elf/12.1.1/../../../../../H-x86_64-mingw32/nios2-elf/lib/mno-hw-mul\libc.a(lib_a-mprec.o)
                0x0000000000028dc4                __ulp
 .text.__b2d    0x0000000000028e24      0x100 c:/intelfpga_lite/22.1std/nios2eds/bin/gnu/h-x86_64-mingw32/bin/../lib/gcc/nios2-elf/12.1.1/../../../../../H-x86_64-mingw32/nios2-elf/lib/mno-hw-mul\libc.a(lib_a-mprec.o)
                0x0000000000028e24                __b2d
 .text.__d2b    0x0000000000028f24      0x158 c:/intelfpga_lite/22.1std/nios2eds/bin/gnu/h-x86_64-mingw32/bin/../lib/gcc/nios2-elf/12.1.1/../../../../../H-x86_64-mingw32/nios2-elf/lib/mno-hw-mul\libc.a(lib_a-mprec.o)
                0x0000000000028f24                __d2b
 .text.__ratio  0x000000000002907c       0xa4 c:/intelfpga_lite/22.1std/nios2eds/bin/gnu/h-x86_64-mingw32/bin/../lib/gcc/nios2-elf/12.1.1/../../../../../H-x86_64-mingw32/nios2-elf/lib/mno-hw-mul\libc.a(lib_a-mprec.o)
                0x000000000002907c                __ratio
 .text._mprec_log10
                0x0000000000029120       0x70 c:/intelfpga_lite/22.1std/nios2eds/bin/gnu/h-x86_64-mingw32/bin/../lib/gcc/nios2-elf/12.1.1/../../../../../H-x86_64-mingw32/nios2-elf/lib/mno-hw-mul\libc.a(lib_a-mprec.o)
                0x0000000000029120                _mprec_log10
 .text.__copybits
                0x0000000000029190       0x7c c:/intelfpga_lite/22.1std/nios2eds/bin/gnu/h-x86_64-mingw32/bin/../lib/gcc/nios2-elf/12.1.1/../../../../../H-x86_64-mingw32/nios2-elf/lib/mno-hw-mul\libc.a(lib_a-mprec.o)
                0x0000000000029190                __copybits
 .text.__any_on
                0x000000000002920c       0x60 c:/intelfpga_lite/22.1std/nios2eds/bin/gnu/h-x86_64-mingw32/bin/../lib/gcc/nios2-elf/12.1.1/../../../../../H-x86_64-mingw32/nios2-elf/lib/mno-hw-mul\libc.a(lib_a-mprec.o)
                0x000000000002920c                __any_on
 .text          0x000000000002926c        0x0 c:/intelfpga_lite/22.1std/nios2eds/bin/gnu/h-x86_64-mingw32/bin/../lib/gcc/nios2-elf/12.1.1/../../../../../H-x86_64-mingw32/nios2-elf/lib/mno-hw-mul\libc.a(lib_a-reallocr.o)
 .text._realloc_r
                0x000000000002926c      0x5f4 c:/intelfpga_lite/22.1std/nios2eds/bin/gnu/h-x86_64-mingw32/bin/../lib/gcc/nios2-elf/12.1.1/../../../../../H-x86_64-mingw32/nios2-elf/lib/mno-hw-mul\libc.a(lib_a-reallocr.o)
                0x000000000002926c                _realloc_r
 .text          0x0000000000029860        0x0 c:/intelfpga_lite/22.1std/nios2eds/bin/gnu/h-x86_64-mingw32/bin/../lib/gcc/nios2-elf/12.1.1/../../../../../H-x86_64-mingw32/nios2-elf/lib/mno-hw-mul\libc.a(lib_a-stdio.o)
 .text.__sread  0x0000000000029860       0x54 c:/intelfpga_lite/22.1std/nios2eds/bin/gnu/h-x86_64-mingw32/bin/../lib/gcc/nios2-elf/12.1.1/../../../../../H-x86_64-mingw32/nios2-elf/lib/mno-hw-mul\libc.a(lib_a-stdio.o)
                0x0000000000029860                __sread
 .text.__seofread
                0x00000000000298b4        0x8 c:/intelfpga_lite/22.1std/nios2eds/bin/gnu/h-x86_64-mingw32/bin/../lib/gcc/nios2-elf/12.1.1/../../../../../H-x86_64-mingw32/nios2-elf/lib/mno-hw-mul\libc.a(lib_a-stdio.o)
                0x00000000000298b4                __seofread
 .text.__swrite
                0x00000000000298bc       0x80 c:/intelfpga_lite/22.1std/nios2eds/bin/gnu/h-x86_64-mingw32/bin/../lib/gcc/nios2-elf/12.1.1/../../../../../H-x86_64-mingw32/nios2-elf/lib/mno-hw-mul\libc.a(lib_a-stdio.o)
                0x00000000000298bc                __swrite
 .text.__sseek  0x000000000002993c       0x5c c:/intelfpga_lite/22.1std/nios2eds/bin/gnu/h-x86_64-mingw32/bin/../lib/gcc/nios2-elf/12.1.1/../../../../../H-x86_64-mingw32/nios2-elf/lib/mno-hw-mul\libc.a(lib_a-stdio.o)
                0x000000000002993c                __sseek
 .text.__sclose
                0x0000000000029998        0x8 c:/intelfpga_lite/22.1std/nios2eds/bin/gnu/h-x86_64-mingw32/bin/../lib/gcc/nios2-elf/12.1.1/../../../../../H-x86_64-mingw32/nios2-elf/lib/mno-hw-mul\libc.a(lib_a-stdio.o)
                0x0000000000029998                __sclose
 .text          0x00000000000299a0        0x0 c:/intelfpga_lite/22.1std/nios2eds/bin/gnu/h-x86_64-mingw32/bin/../lib/gcc/nios2-elf/12.1.1/../../../../../H-x86_64-mingw32/nios2-elf/lib/mno-hw-mul\libc.a(lib_a-vfiprintf.o)
 .text.__sprint_r.part.0
                0x00000000000299a0       0xf4 c:/intelfpga_lite/22.1std/nios2eds/bin/gnu/h-x86_64-mingw32/bin/../lib/gcc/nios2-elf/12.1.1/../../../../../H-x86_64-mingw32/nios2-elf/lib/mno-hw-mul\libc.a(lib_a-vfiprintf.o)
 .text.__sprint_r
                0x0000000000029a94       0x18 c:/intelfpga_lite/22.1std/nios2eds/bin/gnu/h-x86_64-mingw32/bin/../lib/gcc/nios2-elf/12.1.1/../../../../../H-x86_64-mingw32/nios2-elf/lib/mno-hw-mul\libc.a(lib_a-vfiprintf.o)
                0x0000000000029a94                __sprint_r
 .text.___vfiprintf_internal_r
                0x0000000000029aac     0x1280 c:/intelfpga_lite/22.1std/nios2eds/bin/gnu/h-x86_64-mingw32/bin/../lib/gcc/nios2-elf/12.1.1/../../../../../H-x86_64-mingw32/nios2-elf/lib/mno-hw-mul\libc.a(lib_a-vfiprintf.o)
                0x0000000000029aac                ___vfiprintf_internal_r
 .text.__vfiprintf_internal
                0x000000000002ad2c       0x1c c:/intelfpga_lite/22.1std/nios2eds/bin/gnu/h-x86_64-mingw32/bin/../lib/gcc/nios2-elf/12.1.1/../../../../../H-x86_64-mingw32/nios2-elf/lib/mno-hw-mul\libc.a(lib_a-vfiprintf.o)
                0x000000000002ad2c                __vfiprintf_internal
 .text.__sbprintf
                0x000000000002ad48       0xc4 c:/intelfpga_lite/22.1std/nios2eds/bin/gnu/h-x86_64-mingw32/bin/../lib/gcc/nios2-elf/12.1.1/../../../../../H-x86_64-mingw32/nios2-elf/lib/mno-hw-mul\libc.a(lib_a-vfiprintf.o)
 .text          0x000000000002ae0c        0x0 c:/intelfpga_lite/22.1std/nios2eds/bin/gnu/h-x86_64-mingw32/bin/../lib/gcc/nios2-elf/12.1.1/../../../../../H-x86_64-mingw32/nios2-elf/lib/mno-hw-mul\libc.a(lib_a-writer.o)
 .text._write_r
                0x000000000002ae0c       0x64 c:/intelfpga_lite/22.1std/nios2eds/bin/gnu/h-x86_64-mingw32/bin/../lib/gcc/nios2-elf/12.1.1/../../../../../H-x86_64-mingw32/nios2-elf/lib/mno-hw-mul\libc.a(lib_a-writer.o)
                0x000000000002ae0c                _write_r
 .text          0x000000000002ae70        0x0 c:/intelfpga_lite/22.1std/nios2eds/bin/gnu/h-x86_64-mingw32/bin/../lib/gcc/nios2-elf/12.1.1/../../../../../H-x86_64-mingw32/nios2-elf/lib/mno-hw-mul\libc.a(closer.o)
 .text._close_r
                0x000000000002ae70       0x58 c:/intelfpga_lite/22.1std/nios2eds/bin/gnu/h-x86_64-mingw32/bin/../lib/gcc/nios2-elf/12.1.1/../../../../../H-x86_64-mingw32/nios2-elf/lib/mno-hw-mul\libc.a(closer.o)
                0x000000000002ae70                _close_r
 .text          0x000000000002aec8        0x0 c:/intelfpga_lite/22.1std/nios2eds/bin/gnu/h-x86_64-mingw32/bin/../lib/gcc/nios2-elf/12.1.1/../../../../../H-x86_64-mingw32/nios2-elf/lib/mno-hw-mul\libc.a(lib_a-assert.o)
 .text.__assert_func
                0x000000000002aec8       0x64 c:/intelfpga_lite/22.1std/nios2eds/bin/gnu/h-x86_64-mingw32/bin/../lib/gcc/nios2-elf/12.1.1/../../../../../H-x86_64-mingw32/nios2-elf/lib/mno-hw-mul\libc.a(lib_a-assert.o)
                0x000000000002aec8                __assert_func
 .text.__assert
                0x000000000002af2c       0x14 c:/intelfpga_lite/22.1std/nios2eds/bin/gnu/h-x86_64-mingw32/bin/../lib/gcc/nios2-elf/12.1.1/../../../../../H-x86_64-mingw32/nios2-elf/lib/mno-hw-mul\libc.a(lib_a-assert.o)
                0x000000000002af2c                __assert
 .text          0x000000000002af40        0x0 c:/intelfpga_lite/22.1std/nios2eds/bin/gnu/h-x86_64-mingw32/bin/../lib/gcc/nios2-elf/12.1.1/../../../../../H-x86_64-mingw32/nios2-elf/lib/mno-hw-mul\libc.a(lib_a-callocr.o)
 .text._calloc_r
                0x000000000002af40      0x168 c:/intelfpga_lite/22.1std/nios2eds/bin/gnu/h-x86_64-mingw32/bin/../lib/gcc/nios2-elf/12.1.1/../../../../../H-x86_64-mingw32/nios2-elf/lib/mno-hw-mul\libc.a(lib_a-callocr.o)
                0x000000000002af40                _calloc_r
 .text          0x000000000002b0a8        0x0 c:/intelfpga_lite/22.1std/nios2eds/bin/gnu/h-x86_64-mingw32/bin/../lib/gcc/nios2-elf/12.1.1/../../../../../H-x86_64-mingw32/nios2-elf/lib/mno-hw-mul\libc.a(lib_a-errno.o)
 .text.__errno  0x000000000002b0a8        0xc c:/intelfpga_lite/22.1std/nios2eds/bin/gnu/h-x86_64-mingw32/bin/../lib/gcc/nios2-elf/12.1.1/../../../../../H-x86_64-mingw32/nios2-elf/lib/mno-hw-mul\libc.a(lib_a-errno.o)
                0x000000000002b0a8                __errno
 .text          0x000000000002b0b4        0x0 c:/intelfpga_lite/22.1std/nios2eds/bin/gnu/h-x86_64-mingw32/bin/../lib/gcc/nios2-elf/12.1.1/../../../../../H-x86_64-mingw32/nios2-elf/lib/mno-hw-mul\libc.a(lib_a-fclose.o)
 .text._fclose_r
                0x000000000002b0b4       0xf8 c:/intelfpga_lite/22.1std/nios2eds/bin/gnu/h-x86_64-mingw32/bin/../lib/gcc/nios2-elf/12.1.1/../../../../../H-x86_64-mingw32/nios2-elf/lib/mno-hw-mul\libc.a(lib_a-fclose.o)
                0x000000000002b0b4                _fclose_r
 .text.fclose   0x000000000002b1ac       0x10 c:/intelfpga_lite/22.1std/nios2eds/bin/gnu/h-x86_64-mingw32/bin/../lib/gcc/nios2-elf/12.1.1/../../../../../H-x86_64-mingw32/nios2-elf/lib/mno-hw-mul\libc.a(lib_a-fclose.o)
                0x000000000002b1ac                fclose
 .text          0x000000000002b1bc        0x0 c:/intelfpga_lite/22.1std/nios2eds/bin/gnu/h-x86_64-mingw32/bin/../lib/gcc/nios2-elf/12.1.1/../../../../../H-x86_64-mingw32/nios2-elf/lib/mno-hw-mul\libc.a(lib_a-fiprintf.o)
 .text._fiprintf_r
                0x000000000002b1bc       0x20 c:/intelfpga_lite/22.1std/nios2eds/bin/gnu/h-x86_64-mingw32/bin/../lib/gcc/nios2-elf/12.1.1/../../../../../H-x86_64-mingw32/nios2-elf/lib/mno-hw-mul\libc.a(lib_a-fiprintf.o)
                0x000000000002b1bc                _fiprintf_r
 .text.fiprintf
                0x000000000002b1dc       0x38 c:/intelfpga_lite/22.1std/nios2eds/bin/gnu/h-x86_64-mingw32/bin/../lib/gcc/nios2-elf/12.1.1/../../../../../H-x86_64-mingw32/nios2-elf/lib/mno-hw-mul\libc.a(lib_a-fiprintf.o)
                0x000000000002b1dc                fiprintf
 .text          0x000000000002b214        0x0 c:/intelfpga_lite/22.1std/nios2eds/bin/gnu/h-x86_64-mingw32/bin/../lib/gcc/nios2-elf/12.1.1/../../../../../H-x86_64-mingw32/nios2-elf/lib/mno-hw-mul\libc.a(lib_a-fputwc.o)
 .text.__fputwc
                0x000000000002b214      0x164 c:/intelfpga_lite/22.1std/nios2eds/bin/gnu/h-x86_64-mingw32/bin/../lib/gcc/nios2-elf/12.1.1/../../../../../H-x86_64-mingw32/nios2-elf/lib/mno-hw-mul\libc.a(lib_a-fputwc.o)
                0x000000000002b214                __fputwc
 .text._fputwc_r
                0x000000000002b378       0x24 c:/intelfpga_lite/22.1std/nios2eds/bin/gnu/h-x86_64-mingw32/bin/../lib/gcc/nios2-elf/12.1.1/../../../../../H-x86_64-mingw32/nios2-elf/lib/mno-hw-mul\libc.a(lib_a-fputwc.o)
                0x000000000002b378                _fputwc_r
 .text.fputwc   0x000000000002b39c       0x78 c:/intelfpga_lite/22.1std/nios2eds/bin/gnu/h-x86_64-mingw32/bin/../lib/gcc/nios2-elf/12.1.1/../../../../../H-x86_64-mingw32/nios2-elf/lib/mno-hw-mul\libc.a(lib_a-fputwc.o)
                0x000000000002b39c                fputwc
 .text          0x000000000002b414        0x0 c:/intelfpga_lite/22.1std/nios2eds/bin/gnu/h-x86_64-mingw32/bin/../lib/gcc/nios2-elf/12.1.1/../../../../../H-x86_64-mingw32/nios2-elf/lib/mno-hw-mul\libc.a(lib_a-fstatr.o)
 .text._fstat_r
                0x000000000002b414       0x60 c:/intelfpga_lite/22.1std/nios2eds/bin/gnu/h-x86_64-mingw32/bin/../lib/gcc/nios2-elf/12.1.1/../../../../../H-x86_64-mingw32/nios2-elf/lib/mno-hw-mul\libc.a(lib_a-fstatr.o)
                0x000000000002b414                _fstat_r
 .text          0x000000000002b474        0x0 c:/intelfpga_lite/22.1std/nios2eds/bin/gnu/h-x86_64-mingw32/bin/../lib/gcc/nios2-elf/12.1.1/../../../../../H-x86_64-mingw32/nios2-elf/lib/mno-hw-mul\libc.a(lib_a-isattyr.o)
 .text._isatty_r
                0x000000000002b474       0x58 c:/intelfpga_lite/22.1std/nios2eds/bin/gnu/h-x86_64-mingw32/bin/../lib/gcc/nios2-elf/12.1.1/../../../../../H-x86_64-mingw32/nios2-elf/lib/mno-hw-mul\libc.a(lib_a-isattyr.o)
                0x000000000002b474                _isatty_r
 .text          0x000000000002b4cc        0x0 c:/intelfpga_lite/22.1std/nios2eds/bin/gnu/h-x86_64-mingw32/bin/../lib/gcc/nios2-elf/12.1.1/../../../../../H-x86_64-mingw32/nios2-elf/lib/mno-hw-mul\libc.a(lib_a-locale.o)
 .text._setlocale_r
                0x000000000002b4cc       0x74 c:/intelfpga_lite/22.1std/nios2eds/bin/gnu/h-x86_64-mingw32/bin/../lib/gcc/nios2-elf/12.1.1/../../../../../H-x86_64-mingw32/nios2-elf/lib/mno-hw-mul\libc.a(lib_a-locale.o)
                0x000000000002b4cc                _setlocale_r
 .text.__locale_mb_cur_max
                0x000000000002b540        0xc c:/intelfpga_lite/22.1std/nios2eds/bin/gnu/h-x86_64-mingw32/bin/../lib/gcc/nios2-elf/12.1.1/../../../../../H-x86_64-mingw32/nios2-elf/lib/mno-hw-mul\libc.a(lib_a-locale.o)
                0x000000000002b540                __locale_mb_cur_max
 .text.setlocale
                0x000000000002b54c       0x74 c:/intelfpga_lite/22.1std/nios2eds/bin/gnu/h-x86_64-mingw32/bin/../lib/gcc/nios2-elf/12.1.1/../../../../../H-x86_64-mingw32/nios2-elf/lib/mno-hw-mul\libc.a(lib_a-locale.o)
                0x000000000002b54c                setlocale
 .text          0x000000000002b5c0        0x0 c:/intelfpga_lite/22.1std/nios2eds/bin/gnu/h-x86_64-mingw32/bin/../lib/gcc/nios2-elf/12.1.1/../../../../../H-x86_64-mingw32/nios2-elf/lib/mno-hw-mul\libc.a(lib_a-lseekr.o)
 .text._lseek_r
                0x000000000002b5c0       0x64 c:/intelfpga_lite/22.1std/nios2eds/bin/gnu/h-x86_64-mingw32/bin/../lib/gcc/nios2-elf/12.1.1/../../../../../H-x86_64-mingw32/nios2-elf/lib/mno-hw-mul\libc.a(lib_a-lseekr.o)
                0x000000000002b5c0                _lseek_r
 .text          0x000000000002b624        0x0 c:/intelfpga_lite/22.1std/nios2eds/bin/gnu/h-x86_64-mingw32/bin/../lib/gcc/nios2-elf/12.1.1/../../../../../H-x86_64-mingw32/nios2-elf/lib/mno-hw-mul\libc.a(lib_a-mbtowc_r.o)
 .text._mbtowc_r
                0x000000000002b624        0xc c:/intelfpga_lite/22.1std/nios2eds/bin/gnu/h-x86_64-mingw32/bin/../lib/gcc/nios2-elf/12.1.1/../../../../../H-x86_64-mingw32/nios2-elf/lib/mno-hw-mul\libc.a(lib_a-mbtowc_r.o)
                0x000000000002b624                _mbtowc_r
 .text.__ascii_mbtowc
                0x000000000002b630       0x44 c:/intelfpga_lite/22.1std/nios2eds/bin/gnu/h-x86_64-mingw32/bin/../lib/gcc/nios2-elf/12.1.1/../../../../../H-x86_64-mingw32/nios2-elf/lib/mno-hw-mul\libc.a(lib_a-mbtowc_r.o)
                0x000000000002b630                __ascii_mbtowc
 .text          0x000000000002b674        0x0 c:/intelfpga_lite/22.1std/nios2eds/bin/gnu/h-x86_64-mingw32/bin/../lib/gcc/nios2-elf/12.1.1/../../../../../H-x86_64-mingw32/nios2-elf/lib/mno-hw-mul\libc.a(lib_a-readr.o)
 .text._read_r  0x000000000002b674       0x64 c:/intelfpga_lite/22.1std/nios2eds/bin/gnu/h-x86_64-mingw32/bin/../lib/gcc/nios2-elf/12.1.1/../../../../../H-x86_64-mingw32/nios2-elf/lib/mno-hw-mul\libc.a(lib_a-readr.o)
                0x000000000002b674                _read_r
 .text          0x000000000002b6d8        0x0 c:/intelfpga_lite/22.1std/nios2eds/bin/gnu/h-x86_64-mingw32/bin/../lib/gcc/nios2-elf/12.1.1/../../../../../H-x86_64-mingw32/nios2-elf/lib/mno-hw-mul\libc.a(lib_a-strcmp.o)
 .text.strcmp   0x000000000002b6d8       0xb8 c:/intelfpga_lite/22.1std/nios2eds/bin/gnu/h-x86_64-mingw32/bin/../lib/gcc/nios2-elf/12.1.1/../../../../../H-x86_64-mingw32/nios2-elf/lib/mno-hw-mul\libc.a(lib_a-strcmp.o)
                0x000000000002b6d8                strcmp
 .text          0x000000000002b790        0x0 c:/intelfpga_lite/22.1std/nios2eds/bin/gnu/h-x86_64-mingw32/bin/../lib/gcc/nios2-elf/12.1.1/../../../../../H-x86_64-mingw32/nios2-elf/lib/mno-hw-mul\libc.a(lib_a-vfiprintfr_1.o)
 .text._vfiprintf_r
                0x000000000002b790        0x4 c:/intelfpga_lite/22.1std/nios2eds/bin/gnu/h-x86_64-mingw32/bin/../lib/gcc/nios2-elf/12.1.1/../../../../../H-x86_64-mingw32/nios2-elf/lib/mno-hw-mul\libc.a(lib_a-vfiprintfr_1.o)
                0x000000000002b790                _vfiprintf_r
 .text          0x000000000002b794        0x0 c:/intelfpga_lite/22.1std/nios2eds/bin/gnu/h-x86_64-mingw32/bin/../lib/gcc/nios2-elf/12.1.1/../../../../../H-x86_64-mingw32/nios2-elf/lib/mno-hw-mul\libc.a(lib_a-wbuf.o)
 .text.__swbuf_r
                0x000000000002b794      0x148 c:/intelfpga_lite/22.1std/nios2eds/bin/gnu/h-x86_64-mingw32/bin/../lib/gcc/nios2-elf/12.1.1/../../../../../H-x86_64-mingw32/nios2-elf/lib/mno-hw-mul\libc.a(lib_a-wbuf.o)
                0x000000000002b794                __swbuf_r
 .text.__swbuf  0x000000000002b8dc       0x18 c:/intelfpga_lite/22.1std/nios2eds/bin/gnu/h-x86_64-mingw32/bin/../lib/gcc/nios2-elf/12.1.1/../../../../../H-x86_64-mingw32/nios2-elf/lib/mno-hw-mul\libc.a(lib_a-wbuf.o)
                0x000000000002b8dc                __swbuf
 .text          0x000000000002b8f4        0x0 c:/intelfpga_lite/22.1std/nios2eds/bin/gnu/h-x86_64-mingw32/bin/../lib/gcc/nios2-elf/12.1.1/../../../../../H-x86_64-mingw32/nios2-elf/lib/mno-hw-mul\libc.a(lib_a-wcrtomb.o)
 .text._wcrtomb_r
                0x000000000002b8f4       0x6c c:/intelfpga_lite/22.1std/nios2eds/bin/gnu/h-x86_64-mingw32/bin/../lib/gcc/nios2-elf/12.1.1/../../../../../H-x86_64-mingw32/nios2-elf/lib/mno-hw-mul\libc.a(lib_a-wcrtomb.o)
                0x000000000002b8f4                _wcrtomb_r
 .text.wcrtomb  0x000000000002b960       0x88 c:/intelfpga_lite/22.1std/nios2eds/bin/gnu/h-x86_64-mingw32/bin/../lib/gcc/nios2-elf/12.1.1/../../../../../H-x86_64-mingw32/nios2-elf/lib/mno-hw-mul\libc.a(lib_a-wcrtomb.o)
                0x000000000002b960                wcrtomb
 .text          0x000000000002b9e8        0x0 c:/intelfpga_lite/22.1std/nios2eds/bin/gnu/h-x86_64-mingw32/bin/../lib/gcc/nios2-elf/12.1.1/../../../../../H-x86_64-mingw32/nios2-elf/lib/mno-hw-mul\libc.a(lib_a-wctomb_r.o)
 .text._wctomb_r
                0x000000000002b9e8        0xc c:/intelfpga_lite/22.1std/nios2eds/bin/gnu/h-x86_64-mingw32/bin/../lib/gcc/nios2-elf/12.1.1/../../../../../H-x86_64-mingw32/nios2-elf/lib/mno-hw-mul\libc.a(lib_a-wctomb_r.o)
                0x000000000002b9e8                _wctomb_r
 .text.__ascii_wctomb
                0x000000000002b9f4       0x30 c:/intelfpga_lite/22.1std/nios2eds/bin/gnu/h-x86_64-mingw32/bin/../lib/gcc/nios2-elf/12.1.1/../../../../../H-x86_64-mingw32/nios2-elf/lib/mno-hw-mul\libc.a(lib_a-wctomb_r.o)
                0x000000000002b9f4                __ascii_wctomb
 .text          0x000000000002ba24        0x0 c:/intelfpga_lite/22.1std/nios2eds/bin/gnu/h-x86_64-mingw32/bin/../lib/gcc/nios2-elf/12.1.1/../../../../../H-x86_64-mingw32/nios2-elf/lib/mno-hw-mul\libc.a(lib_a-abort.o)
 .text.unlikely.abort
                0x000000000002ba24       0x18 c:/intelfpga_lite/22.1std/nios2eds/bin/gnu/h-x86_64-mingw32/bin/../lib/gcc/nios2-elf/12.1.1/../../../../../H-x86_64-mingw32/nios2-elf/lib/mno-hw-mul\libc.a(lib_a-abort.o)
                0x000000000002ba24                abort
 .text          0x000000000002ba3c        0x0 c:/intelfpga_lite/22.1std/nios2eds/bin/gnu/h-x86_64-mingw32/bin/../lib/gcc/nios2-elf/12.1.1/../../../../../H-x86_64-mingw32/nios2-elf/lib/mno-hw-mul\libc.a(lib_a-ctype_.o)
 .text          0x000000000002ba3c        0x0 c:/intelfpga_lite/22.1std/nios2eds/bin/gnu/h-x86_64-mingw32/bin/../lib/gcc/nios2-elf/12.1.1/../../../../../H-x86_64-mingw32/nios2-elf/lib/mno-hw-mul\libc.a(lib_a-signal.o)
 .text._init_signal_r
                0x000000000002ba3c       0x5c c:/intelfpga_lite/22.1std/nios2eds/bin/gnu/h-x86_64-mingw32/bin/../lib/gcc/nios2-elf/12.1.1/../../../../../H-x86_64-mingw32/nios2-elf/lib/mno-hw-mul\libc.a(lib_a-signal.o)
                0x000000000002ba3c                _init_signal_r
 .text._signal_r
                0x000000000002ba98       0x90 c:/intelfpga_lite/22.1std/nios2eds/bin/gnu/h-x86_64-mingw32/bin/../lib/gcc/nios2-elf/12.1.1/../../../../../H-x86_64-mingw32/nios2-elf/lib/mno-hw-mul\libc.a(lib_a-signal.o)
                0x000000000002ba98                _signal_r
 .text._raise_r
                0x000000000002bb28       0xb0 c:/intelfpga_lite/22.1std/nios2eds/bin/gnu/h-x86_64-mingw32/bin/../lib/gcc/nios2-elf/12.1.1/../../../../../H-x86_64-mingw32/nios2-elf/lib/mno-hw-mul\libc.a(lib_a-signal.o)
                0x000000000002bb28                _raise_r
 .text.__sigtramp_r
                0x000000000002bbd8       0xbc c:/intelfpga_lite/22.1std/nios2eds/bin/gnu/h-x86_64-mingw32/bin/../lib/gcc/nios2-elf/12.1.1/../../../../../H-x86_64-mingw32/nios2-elf/lib/mno-hw-mul\libc.a(lib_a-signal.o)
                0x000000000002bbd8                __sigtramp_r
 .text.raise    0x000000000002bc94       0xb4 c:/intelfpga_lite/22.1std/nios2eds/bin/gnu/h-x86_64-mingw32/bin/../lib/gcc/nios2-elf/12.1.1/../../../../../H-x86_64-mingw32/nios2-elf/lib/mno-hw-mul\libc.a(lib_a-signal.o)
                0x000000000002bc94                raise
 .text.signal   0x000000000002bd48       0x98 c:/intelfpga_lite/22.1std/nios2eds/bin/gnu/h-x86_64-mingw32/bin/../lib/gcc/nios2-elf/12.1.1/../../../../../H-x86_64-mingw32/nios2-elf/lib/mno-hw-mul\libc.a(lib_a-signal.o)
                0x000000000002bd48                signal
 .text._init_signal
                0x000000000002bde0       0x60 c:/intelfpga_lite/22.1std/nios2eds/bin/gnu/h-x86_64-mingw32/bin/../lib/gcc/nios2-elf/12.1.1/../../../../../H-x86_64-mingw32/nios2-elf/lib/mno-hw-mul\libc.a(lib_a-signal.o)
                0x000000000002bde0                _init_signal
 .text.__sigtramp
                0x000000000002be40       0xbc c:/intelfpga_lite/22.1std/nios2eds/bin/gnu/h-x86_64-mingw32/bin/../lib/gcc/nios2-elf/12.1.1/../../../../../H-x86_64-mingw32/nios2-elf/lib/mno-hw-mul\libc.a(lib_a-signal.o)
                0x000000000002be40                __sigtramp
 .text          0x000000000002befc        0x0 c:/intelfpga_lite/22.1std/nios2eds/bin/gnu/h-x86_64-mingw32/bin/../lib/gcc/nios2-elf/12.1.1/../../../../../H-x86_64-mingw32/nios2-elf/lib/mno-hw-mul\libc.a(lib_a-signalr.o)
 .text._kill_r  0x000000000002befc       0x60 c:/intelfpga_lite/22.1std/nios2eds/bin/gnu/h-x86_64-mingw32/bin/../lib/gcc/nios2-elf/12.1.1/../../../../../H-x86_64-mingw32/nios2-elf/lib/mno-hw-mul\libc.a(lib_a-signalr.o)
                0x000000000002befc                _kill_r
 .text._getpid_r
                0x000000000002bf5c        0x4 c:/intelfpga_lite/22.1std/nios2eds/bin/gnu/h-x86_64-mingw32/bin/../lib/gcc/nios2-elf/12.1.1/../../../../../H-x86_64-mingw32/nios2-elf/lib/mno-hw-mul\libc.a(lib_a-signalr.o)
                0x000000000002bf5c                _getpid_r
 .text          0x000000000002bf60      0x5d8 c:/intelfpga_lite/22.1std/nios2eds/bin/gnu/h-x86_64-mingw32/bin/../lib/gcc/nios2-elf/12.1.1/mno-hw-mul\libgcc.a(_udivdi3.o)
                0x000000000002bf60                __udivdi3
 .text          0x000000000002c538      0x55c c:/intelfpga_lite/22.1std/nios2eds/bin/gnu/h-x86_64-mingw32/bin/../lib/gcc/nios2-elf/12.1.1/mno-hw-mul\libgcc.a(_umoddi3.o)
                0x000000000002c538                __umoddi3
 .text          0x000000000002ca94      0x8ec c:/intelfpga_lite/22.1std/nios2eds/bin/gnu/h-x86_64-mingw32/bin/../lib/gcc/nios2-elf/12.1.1/mno-hw-mul\libgcc.a(divdf3.o)
                0x000000000002ca94                __divdf3
 .text          0x000000000002d380       0x94 c:/intelfpga_lite/22.1std/nios2eds/bin/gnu/h-x86_64-mingw32/bin/../lib/gcc/nios2-elf/12.1.1/mno-hw-mul\libgcc.a(eqdf2.o)
                0x000000000002d380                __nedf2
                0x000000000002d380                __eqdf2
 .text          0x000000000002d414       0xfc c:/intelfpga_lite/22.1std/nios2eds/bin/gnu/h-x86_64-mingw32/bin/../lib/gcc/nios2-elf/12.1.1/mno-hw-mul\libgcc.a(gedf2.o)
                0x000000000002d414                __gedf2
                0x000000000002d414                __gtdf2
 .text          0x000000000002d510       0xf8 c:/intelfpga_lite/22.1std/nios2eds/bin/gnu/h-x86_64-mingw32/bin/../lib/gcc/nios2-elf/12.1.1/mno-hw-mul\libgcc.a(ledf2.o)
                0x000000000002d510                __ledf2
                0x000000000002d510                __ltdf2
 .text          0x000000000002d608      0x808 c:/intelfpga_lite/22.1std/nios2eds/bin/gnu/h-x86_64-mingw32/bin/../lib/gcc/nios2-elf/12.1.1/mno-hw-mul\libgcc.a(muldf3.o)
                0x000000000002d608                __muldf3
 .text          0x000000000002de10      0x99c c:/intelfpga_lite/22.1std/nios2eds/bin/gnu/h-x86_64-mingw32/bin/../lib/gcc/nios2-elf/12.1.1/mno-hw-mul\libgcc.a(subdf3.o)
                0x000000000002de10                __subdf3
 .text          0x000000000002e7ac       0x54 c:/intelfpga_lite/22.1std/nios2eds/bin/gnu/h-x86_64-mingw32/bin/../lib/gcc/nios2-elf/12.1.1/mno-hw-mul\libgcc.a(unorddf2.o)
                0x000000000002e7ac                __unorddf2
 .text          0x000000000002e800       0xb8 c:/intelfpga_lite/22.1std/nios2eds/bin/gnu/h-x86_64-mingw32/bin/../lib/gcc/nios2-elf/12.1.1/mno-hw-mul\libgcc.a(floatsidf.o)
                0x000000000002e800                __floatsidf
 .text          0x000000000002e8b8       0x90 c:/intelfpga_lite/22.1std/nios2eds/bin/gnu/h-x86_64-mingw32/bin/../lib/gcc/nios2-elf/12.1.1/mno-hw-mul\libgcc.a(floatunsidf.o)
                0x000000000002e8b8                __floatunsidf
 .text          0x000000000002e948      0x118 c:/Users/james/Desktop/Imperial/Informationprocessing/Lab3/task1/software/3axis_bsp/\libhal_bsp.a(alt_close.o)
                0x000000000002e984                close
 .text          0x000000000002ea60       0x2c c:/Users/james/Desktop/Imperial/Informationprocessing/Lab3/task1/software/3axis_bsp/\libhal_bsp.a(alt_dev.o)
 .text          0x000000000002ea8c        0x0 c:/Users/james/Desktop/Imperial/Informationprocessing/Lab3/task1/software/3axis_bsp/\libhal_bsp.a(alt_errno.o)
 .text          0x000000000002ea8c       0x3c c:/Users/james/Desktop/Imperial/Informationprocessing/Lab3/task1/software/3axis_bsp/\libhal_bsp.a(alt_exit.o)
                0x000000000002ea8c                _exit
 .text          0x000000000002eac8       0xf8 c:/Users/james/Desktop/Imperial/Informationprocessing/Lab3/task1/software/3axis_bsp/\libhal_bsp.a(alt_fstat.o)
                0x000000000002eb04                fstat
 .text          0x000000000002ebc0       0x20 c:/Users/james/Desktop/Imperial/Informationprocessing/Lab3/task1/software/3axis_bsp/\libhal_bsp.a(alt_getpid.o)
                0x000000000002ebc0                getpid
 .text          0x000000000002ebe0      0x180 c:/Users/james/Desktop/Imperial/Informationprocessing/Lab3/task1/software/3axis_bsp/\libhal_bsp.a(alt_irq_register.o)
                0x000000000002ebe0                alt_irq_register
 .text          0x000000000002ed60        0x0 c:/Users/james/Desktop/Imperial/Informationprocessing/Lab3/task1/software/3axis_bsp/\libhal_bsp.a(alt_irq_vars.o)
 .text          0x000000000002ed60       0xec c:/Users/james/Desktop/Imperial/Informationprocessing/Lab3/task1/software/3axis_bsp/\libhal_bsp.a(alt_isatty.o)
                0x000000000002ed9c                isatty
 .text          0x000000000002ee4c      0x12c c:/Users/james/Desktop/Imperial/Informationprocessing/Lab3/task1/software/3axis_bsp/\libhal_bsp.a(alt_kill.o)
                0x000000000002ee88                kill
 .text          0x000000000002ef78       0xec c:/Users/james/Desktop/Imperial/Informationprocessing/Lab3/task1/software/3axis_bsp/\libhal_bsp.a(alt_load.o)
                0x000000000002efe0                alt_load
 .text          0x000000000002f064      0x11c c:/Users/james/Desktop/Imperial/Informationprocessing/Lab3/task1/software/3axis_bsp/\libhal_bsp.a(alt_lseek.o)
                0x000000000002f0a0                lseek
 .text          0x000000000002f180       0x7c c:/Users/james/Desktop/Imperial/Informationprocessing/Lab3/task1/software/3axis_bsp/\libhal_bsp.a(alt_main.o)
                0x000000000002f180                alt_main
 .text          0x000000000002f1fc       0x48 c:/Users/james/Desktop/Imperial/Informationprocessing/Lab3/task1/software/3axis_bsp/\libhal_bsp.a(alt_malloc_lock.o)
                0x000000000002f1fc                __malloc_lock
                0x000000000002f220                __malloc_unlock
 .text          0x000000000002f244      0x144 c:/Users/james/Desktop/Imperial/Informationprocessing/Lab3/task1/software/3axis_bsp/\libhal_bsp.a(alt_read.o)
                0x000000000002f280                read
 .text          0x000000000002f388       0x70 c:/Users/james/Desktop/Imperial/Informationprocessing/Lab3/task1/software/3axis_bsp/\libhal_bsp.a(alt_release_fd.o)
                0x000000000002f388                alt_release_fd
 .text          0x000000000002f3f8       0xb8 c:/Users/james/Desktop/Imperial/Informationprocessing/Lab3/task1/software/3axis_bsp/\libhal_bsp.a(alt_sbrk.o)
                0x000000000002f3f8                sbrk
 .text          0x000000000002f4b0      0x140 c:/Users/james/Desktop/Imperial/Informationprocessing/Lab3/task1/software/3axis_bsp/\libhal_bsp.a(alt_write.o)
                0x000000000002f4ec                write
 .text          0x000000000002f5f0       0xdc c:/Users/james/Desktop/Imperial/Informationprocessing/Lab3/task1/software/3axis_bsp/\libhal_bsp.a(alt_sys_init.o)
                0x000000000002f624                alt_irq_init
                0x000000000002f660                alt_sys_init
 .text          0x000000000002f6cc      0x164 c:/Users/james/Desktop/Imperial/Informationprocessing/Lab3/task1/software/3axis_bsp/\libhal_bsp.a(altera_avalon_jtag_uart_fd.o)
                0x000000000002f6cc                altera_avalon_jtag_uart_read_fd
                0x000000000002f72c                altera_avalon_jtag_uart_write_fd
                0x000000000002f78c                altera_avalon_jtag_uart_close_fd
                0x000000000002f7dc                altera_avalon_jtag_uart_ioctl_fd
 .text          0x000000000002f830      0x3dc c:/Users/james/Desktop/Imperial/Informationprocessing/Lab3/task1/software/3axis_bsp/\libhal_bsp.a(altera_avalon_jtag_uart_init.o)
                0x000000000002f830                altera_avalon_jtag_uart_init
                0x000000000002fba4                altera_avalon_jtag_uart_close
 .text          0x000000000002fc0c       0xf4 c:/Users/james/Desktop/Imperial/Informationprocessing/Lab3/task1/software/3axis_bsp/\libhal_bsp.a(altera_avalon_jtag_uart_ioctl.o)
                0x000000000002fc0c                altera_avalon_jtag_uart_ioctl
 .text          0x000000000002fd00      0x220 c:/Users/james/Desktop/Imperial/Informationprocessing/Lab3/task1/software/3axis_bsp/\libhal_bsp.a(altera_avalon_jtag_uart_read.o)
                0x000000000002fd00                altera_avalon_jtag_uart_read
 .text          0x000000000002ff20      0x228 c:/Users/james/Desktop/Imperial/Informationprocessing/Lab3/task1/software/3axis_bsp/\libhal_bsp.a(altera_avalon_jtag_uart_write.o)
                0x000000000002ff20                altera_avalon_jtag_uart_write
 .text          0x0000000000030148       0xfc c:/Users/james/Desktop/Imperial/Informationprocessing/Lab3/task1/software/3axis_bsp/\libhal_bsp.a(altera_avalon_timer_sc.o)
                0x00000000000301c8                alt_avalon_timer_sc_init
 .text          0x0000000000030244      0x3cc c:/Users/james/Desktop/Imperial/Informationprocessing/Lab3/task1/software/3axis_bsp/\libhal_bsp.a(altera_up_avalon_accelerometer_spi.o)
                0x0000000000030244                alt_up_accelerometer_spi_open_dev
                0x0000000000030280                alt_up_accelerometer_spi_read_address_register
                0x00000000000302c4                alt_up_accelerometer_spi_read
                0x000000000003032c                alt_up_accelerometer_spi_write
                0x0000000000030394                alt_up_accelerometer_spi_read_x_axis
                0x0000000000030468                alt_up_accelerometer_spi_read_y_axis
                0x000000000003053c                alt_up_accelerometer_spi_read_z_axis
 .text          0x0000000000030610      0x160 c:/Users/james/Desktop/Imperial/Informationprocessing/Lab3/task1/software/3axis_bsp/\libhal_bsp.a(alt_alarm_start.o)
                0x0000000000030610                alt_alarm_start
 .text          0x0000000000030770       0x20 c:/Users/james/Desktop/Imperial/Informationprocessing/Lab3/task1/software/3axis_bsp/\libhal_bsp.a(alt_dcache_flush_all.o)
                0x0000000000030770                alt_dcache_flush_all
 .text          0x0000000000030790       0xe4 c:/Users/james/Desktop/Imperial/Informationprocessing/Lab3/task1/software/3axis_bsp/\libhal_bsp.a(alt_dev_llist_insert.o)
                0x00000000000307cc                alt_dev_llist_insert
 .text          0x0000000000030874       0x64 c:/Users/james/Desktop/Imperial/Informationprocessing/Lab3/task1/software/3axis_bsp/\libhal_bsp.a(alt_do_ctors.o)
                0x0000000000030874                _do_ctors
 .text          0x00000000000308d8       0x64 c:/Users/james/Desktop/Imperial/Informationprocessing/Lab3/task1/software/3axis_bsp/\libhal_bsp.a(alt_do_dtors.o)
                0x00000000000308d8                _do_dtors
 .text          0x000000000003093c       0x90 c:/Users/james/Desktop/Imperial/Informationprocessing/Lab3/task1/software/3axis_bsp/\libhal_bsp.a(alt_find_dev.o)
                0x000000000003093c                alt_find_dev
 .text          0x00000000000309cc       0x20 c:/Users/james/Desktop/Imperial/Informationprocessing/Lab3/task1/software/3axis_bsp/\libhal_bsp.a(alt_icache_flush_all.o)
                0x00000000000309cc                alt_icache_flush_all
 .text          0x00000000000309ec      0x150 c:/Users/james/Desktop/Imperial/Informationprocessing/Lab3/task1/software/3axis_bsp/\libhal_bsp.a(alt_io_redirect.o)
                0x0000000000030ac0                alt_io_redirect
 .text          0x0000000000030b3c        0x0 c:/Users/james/Desktop/Imperial/Informationprocessing/Lab3/task1/software/3axis_bsp/\libhal_bsp.a(alt_irq_entry.o)
 .text          0x0000000000030b3c        0x0 c:/Users/james/Desktop/Imperial/Informationprocessing/Lab3/task1/software/3axis_bsp/\libhal_bsp.a(alt_irq_handler.o)
 .text          0x0000000000030b3c      0x278 c:/Users/james/Desktop/Imperial/Informationprocessing/Lab3/task1/software/3axis_bsp/\libhal_bsp.a(alt_open.o)
                0x0000000000030c54                open
 .text          0x0000000000030db4      0x1d0 c:/Users/james/Desktop/Imperial/Informationprocessing/Lab3/task1/software/3axis_bsp/\libhal_bsp.a(alt_tick.o)
                0x0000000000030db4                alt_alarm_stop
                0x0000000000030e58                alt_tick
 .text          0x0000000000030f84       0x24 c:/Users/james/Desktop/Imperial/Informationprocessing/Lab3/task1/software/3axis_bsp/\libhal_bsp.a(altera_nios2_gen2_irq.o)
                0x0000000000030f84                altera_nios2_gen2_irq_init
 .text          0x0000000000030fa8        0x0 c:/Users/james/Desktop/Imperial/Informationprocessing/Lab3/task1/software/3axis_bsp/\libhal_bsp.a(alt_exception_entry.o)
 .text          0x0000000000030fa8      0x108 c:/Users/james/Desktop/Imperial/Informationprocessing/Lab3/task1/software/3axis_bsp/\libhal_bsp.a(alt_find_file.o)
                0x0000000000030fa8                alt_find_file
 .text          0x00000000000310b0       0xb8 c:/Users/james/Desktop/Imperial/Informationprocessing/Lab3/task1/software/3axis_bsp/\libhal_bsp.a(alt_get_fd.o)
                0x00000000000310b0                alt_get_fd
 .text          0x0000000000031168       0x74 c:/Users/james/Desktop/Imperial/Informationprocessing/Lab3/task1/software/3axis_bsp/\libhal_bsp.a(alt_instruction_exception_entry.o)
                0x0000000000031168                alt_exception_cause_generated_bad_addr
 .text          0x00000000000311dc        0x0 c:/intelfpga_lite/22.1std/nios2eds/bin/gnu/h-x86_64-mingw32/bin/../lib/gcc/nios2-elf/12.1.1/../../../../../H-x86_64-mingw32/nios2-elf/lib/mno-hw-mul\libc.a(lib_a-atexit.o)
 .text.atexit   0x00000000000311dc       0x14 c:/intelfpga_lite/22.1std/nios2eds/bin/gnu/h-x86_64-mingw32/bin/../lib/gcc/nios2-elf/12.1.1/../../../../../H-x86_64-mingw32/nios2-elf/lib/mno-hw-mul\libc.a(lib_a-atexit.o)
                0x00000000000311dc                atexit
 .text          0x00000000000311f0        0x0 c:/intelfpga_lite/22.1std/nios2eds/bin/gnu/h-x86_64-mingw32/bin/../lib/gcc/nios2-elf/12.1.1/../../../../../H-x86_64-mingw32/nios2-elf/lib/mno-hw-mul\libc.a(lib_a-exit.o)
 .text.exit     0x00000000000311f0       0x34 c:/intelfpga_lite/22.1std/nios2eds/bin/gnu/h-x86_64-mingw32/bin/../lib/gcc/nios2-elf/12.1.1/../../../../../H-x86_64-mingw32/nios2-elf/lib/mno-hw-mul\libc.a(lib_a-exit.o)
                0x00000000000311f0                exit
 .text          0x0000000000031224        0x0 c:/intelfpga_lite/22.1std/nios2eds/bin/gnu/h-x86_64-mingw32/bin/../lib/gcc/nios2-elf/12.1.1/../../../../../H-x86_64-mingw32/nios2-elf/lib/mno-hw-mul\libc.a(lib_a-memcmp.o)
 .text.memcmp   0x0000000000031224       0x78 c:/intelfpga_lite/22.1std/nios2eds/bin/gnu/h-x86_64-mingw32/bin/../lib/gcc/nios2-elf/12.1.1/../../../../../H-x86_64-mingw32/nios2-elf/lib/mno-hw-mul\libc.a(lib_a-memcmp.o)
                0x0000000000031224                memcmp
 .text          0x000000000003129c        0x0 c:/intelfpga_lite/22.1std/nios2eds/bin/gnu/h-x86_64-mingw32/bin/../lib/gcc/nios2-elf/12.1.1/../../../../../H-x86_64-mingw32/nios2-elf/lib/mno-hw-mul\libc.a(lib_a-__atexit.o)
 .text.__register_exitproc
                0x000000000003129c       0x90 c:/intelfpga_lite/22.1std/nios2eds/bin/gnu/h-x86_64-mingw32/bin/../lib/gcc/nios2-elf/12.1.1/../../../../../H-x86_64-mingw32/nios2-elf/lib/mno-hw-mul\libc.a(lib_a-__atexit.o)
                0x000000000003129c                __register_exitproc
 .text          0x000000000003132c        0x0 c:/intelfpga_lite/22.1std/nios2eds/bin/gnu/h-x86_64-mingw32/bin/../lib/gcc/nios2-elf/12.1.1/../../../../../H-x86_64-mingw32/nios2-elf/lib/mno-hw-mul\libc.a(lib_a-__call_atexit.o)
 .text.__call_exitprocs
                0x000000000003132c      0x120 c:/intelfpga_lite/22.1std/nios2eds/bin/gnu/h-x86_64-mingw32/bin/../lib/gcc/nios2-elf/12.1.1/../../../../../H-x86_64-mingw32/nios2-elf/lib/mno-hw-mul\libc.a(lib_a-__call_atexit.o)
                0x000000000003132c                __call_exitprocs
 *(.gnu.warning.*)
 *(.fini)
                [!provide]                        PROVIDE (__etext = ABSOLUTE (.))
                [!provide]                        PROVIDE (_etext = ABSOLUTE (.))
                [!provide]                        PROVIDE (etext = ABSOLUTE (.))
 *(.eh_frame_hdr)
                0x000000000003144c                . = ALIGN (0x4)
                [!provide]                        PROVIDE (__preinit_array_start = ABSOLUTE (.))
 *(.preinit_array)
                [!provide]                        PROVIDE (__preinit_array_end = ABSOLUTE (.))
                [!provide]                        PROVIDE (__init_array_start = ABSOLUTE (.))
 *(.init_array)
                [!provide]                        PROVIDE (__init_array_end = ABSOLUTE (.))
                [!provide]                        PROVIDE (__fini_array_start = ABSOLUTE (.))
 *(.fini_array)
                [!provide]                        PROVIDE (__fini_array_end = ABSOLUTE (.))
 *(.eh_frame)
 *(.gcc_except_table .gcc_except_table.*)
 *(.dynamic)
                0x000000000003144c                PROVIDE (__CTOR_LIST__ = ABSOLUTE (.))
 *(.ctors)
 *(SORT_BY_NAME(.ctors.*))
                0x000000000003144c                PROVIDE (__CTOR_END__ = ABSOLUTE (.))
                0x000000000003144c                PROVIDE (__DTOR_LIST__ = ABSOLUTE (.))
 *(.dtors)
 *(SORT_BY_NAME(.dtors.*))
                0x000000000003144c                PROVIDE (__DTOR_END__ = ABSOLUTE (.))
 *(.jcr)
                0x000000000003144c                . = ALIGN (0x4)

.rodata         0x000000000003144c      0x778
                0x000000000003144c                PROVIDE (__ram_rodata_start = ABSOLUTE (.))
                0x000000000003144c                . = ALIGN (0x4)
 *(.rodata .rodata.* .gnu.linkonce.r.*)
 .rodata        0x000000000003144c      0x110 obj/default/hello_world.o
 .rodata        0x000000000003155c      0x100 c:/intelfpga_lite/22.1std/nios2eds/bin/gnu/h-x86_64-mingw32/bin/../lib/gcc/nios2-elf/12.1.1/mno-hw-mul\libgcc.a(_clz.o)
                0x000000000003155c                __clz_tab
 .rodata._puts_r.str1.4
                0x000000000003165c        0x2 c:/intelfpga_lite/22.1std/nios2eds/bin/gnu/h-x86_64-mingw32/bin/../lib/gcc/nios2-elf/12.1.1/../../../../../H-x86_64-mingw32/nios2-elf/lib/mno-hw-mul\libc.a(lib_a-puts.o)
 *fill*         0x000000000003165e        0x2 
 .rodata.___vfprintf_internal_r.str1.4
                0x0000000000031660       0x42 c:/intelfpga_lite/22.1std/nios2eds/bin/gnu/h-x86_64-mingw32/bin/../lib/gcc/nios2-elf/12.1.1/../../../../../H-x86_64-mingw32/nios2-elf/lib/mno-hw-mul\libc.a(lib_a-vfprintf.o)
 *fill*         0x00000000000316a2        0x2 
 .rodata.zeroes.0
                0x00000000000316a4       0x10 c:/intelfpga_lite/22.1std/nios2eds/bin/gnu/h-x86_64-mingw32/bin/../lib/gcc/nios2-elf/12.1.1/../../../../../H-x86_64-mingw32/nios2-elf/lib/mno-hw-mul\libc.a(lib_a-vfprintf.o)
 .rodata.blanks.1
                0x00000000000316b4       0x10 c:/intelfpga_lite/22.1std/nios2eds/bin/gnu/h-x86_64-mingw32/bin/../lib/gcc/nios2-elf/12.1.1/../../../../../H-x86_64-mingw32/nios2-elf/lib/mno-hw-mul\libc.a(lib_a-vfprintf.o)
 .rodata._dtoa_r.str1.4
                0x00000000000316c4       0x61 c:/intelfpga_lite/22.1std/nios2eds/bin/gnu/h-x86_64-mingw32/bin/../lib/gcc/nios2-elf/12.1.1/../../../../../H-x86_64-mingw32/nios2-elf/lib/mno-hw-mul\libc.a(lib_a-dtoa.o)
                                         0x65 (size before relaxing)
 *fill*         0x0000000000031725        0x3 
 .rodata.__multadd.str1.4
                0x0000000000031728       0x3e c:/intelfpga_lite/22.1std/nios2eds/bin/gnu/h-x86_64-mingw32/bin/../lib/gcc/nios2-elf/12.1.1/../../../../../H-x86_64-mingw32/nios2-elf/lib/mno-hw-mul\libc.a(lib_a-mprec.o)
                                         0x52 (size before relaxing)
 *fill*         0x0000000000031766        0x2 
 .rodata.p05.0  0x0000000000031768        0xc c:/intelfpga_lite/22.1std/nios2eds/bin/gnu/h-x86_64-mingw32/bin/../lib/gcc/nios2-elf/12.1.1/../../../../../H-x86_64-mingw32/nios2-elf/lib/mno-hw-mul\libc.a(lib_a-mprec.o)
 .rodata.__mprec_tinytens
                0x0000000000031774       0x28 c:/intelfpga_lite/22.1std/nios2eds/bin/gnu/h-x86_64-mingw32/bin/../lib/gcc/nios2-elf/12.1.1/../../../../../H-x86_64-mingw32/nios2-elf/lib/mno-hw-mul\libc.a(lib_a-mprec.o)
                0x0000000000031774                __mprec_tinytens
 .rodata.__mprec_bigtens
                0x000000000003179c       0x28 c:/intelfpga_lite/22.1std/nios2eds/bin/gnu/h-x86_64-mingw32/bin/../lib/gcc/nios2-elf/12.1.1/../../../../../H-x86_64-mingw32/nios2-elf/lib/mno-hw-mul\libc.a(lib_a-mprec.o)
                0x000000000003179c                __mprec_bigtens
 .rodata.__mprec_tens
                0x00000000000317c4       0xc8 c:/intelfpga_lite/22.1std/nios2eds/bin/gnu/h-x86_64-mingw32/bin/../lib/gcc/nios2-elf/12.1.1/../../../../../H-x86_64-mingw32/nios2-elf/lib/mno-hw-mul\libc.a(lib_a-mprec.o)
                0x00000000000317c4                __mprec_tens
 .rodata.___vfiprintf_internal_r.str1.4
                0x000000000003188c       0x2f c:/intelfpga_lite/22.1std/nios2eds/bin/gnu/h-x86_64-mingw32/bin/../lib/gcc/nios2-elf/12.1.1/../../../../../H-x86_64-mingw32/nios2-elf/lib/mno-hw-mul\libc.a(lib_a-vfiprintf.o)
 .rodata.zeroes.0
                0x000000000003188c       0x10 c:/intelfpga_lite/22.1std/nios2eds/bin/gnu/h-x86_64-mingw32/bin/../lib/gcc/nios2-elf/12.1.1/../../../../../H-x86_64-mingw32/nios2-elf/lib/mno-hw-mul\libc.a(lib_a-vfiprintf.o)
 .rodata.blanks.1
                0x000000000003189c       0x10 c:/intelfpga_lite/22.1std/nios2eds/bin/gnu/h-x86_64-mingw32/bin/../lib/gcc/nios2-elf/12.1.1/../../../../../H-x86_64-mingw32/nios2-elf/lib/mno-hw-mul\libc.a(lib_a-vfiprintf.o)
 .rodata.__assert_func.str1.4
                0x00000000000318ac       0x3f c:/intelfpga_lite/22.1std/nios2eds/bin/gnu/h-x86_64-mingw32/bin/../lib/gcc/nios2-elf/12.1.1/../../../../../H-x86_64-mingw32/nios2-elf/lib/mno-hw-mul\libc.a(lib_a-assert.o)
                                         0x43 (size before relaxing)
 *fill*         0x00000000000318eb        0x1 
 .rodata._setlocale_r.str1.4
                0x00000000000318ec        0xa c:/intelfpga_lite/22.1std/nios2eds/bin/gnu/h-x86_64-mingw32/bin/../lib/gcc/nios2-elf/12.1.1/../../../../../H-x86_64-mingw32/nios2-elf/lib/mno-hw-mul\libc.a(lib_a-locale.o)
 *fill*         0x00000000000318f6        0x2 
 .rodata.str1.4
                0x00000000000318f8        0x2 c:/intelfpga_lite/22.1std/nios2eds/bin/gnu/h-x86_64-mingw32/bin/../lib/gcc/nios2-elf/12.1.1/../../../../../H-x86_64-mingw32/nios2-elf/lib/mno-hw-mul\libc.a(lib_a-locale.o)
                                          0x5 (size before relaxing)
 *fill*         0x00000000000318fa        0x2 
 .rodata._ctype_
                0x00000000000318fc      0x101 c:/intelfpga_lite/22.1std/nios2eds/bin/gnu/h-x86_64-mingw32/bin/../lib/gcc/nios2-elf/12.1.1/../../../../../H-x86_64-mingw32/nios2-elf/lib/mno-hw-mul\libc.a(lib_a-ctype_.o)
                0x00000000000318fc                _ctype_
 *fill*         0x00000000000319fd        0x3 
 .rodata._ctype_b
                0x0000000000031a00      0x180 c:/intelfpga_lite/22.1std/nios2eds/bin/gnu/h-x86_64-mingw32/bin/../lib/gcc/nios2-elf/12.1.1/../../../../../H-x86_64-mingw32/nios2-elf/lib/mno-hw-mul\libc.a(lib_a-ctype_.o)
                0x0000000000031a00                _ctype_b
 .rodata        0x0000000000031b80        0xa c:/Users/james/Desktop/Imperial/Informationprocessing/Lab3/task1/software/3axis_bsp/\libhal_bsp.a(alt_dev.o)
 *fill*         0x0000000000031b8a        0x2 
 .rodata        0x0000000000031b8c        0xf c:/Users/james/Desktop/Imperial/Informationprocessing/Lab3/task1/software/3axis_bsp/\libhal_bsp.a(alt_main.o)
 *fill*         0x0000000000031b9b        0x1 
 .rodata        0x0000000000031b9c       0x27 c:/Users/james/Desktop/Imperial/Informationprocessing/Lab3/task1/software/3axis_bsp/\libhal_bsp.a(alt_sys_init.o)
 *(.rodata1)
                0x0000000000031bc4                . = ALIGN (0x4)
 *fill*         0x0000000000031bc3        0x1 
                0x0000000000031bc4                PROVIDE (__ram_rodata_end = ABSOLUTE (.))
                0x000000000003144c                PROVIDE (__flash_rodata_start = LOADADDR (.rodata))

.rwdata         0x0000000000031bc4     0x1c04 load address 0x00000000000337c8
                0x0000000000031bc4                PROVIDE (__ram_rwdata_start = ABSOLUTE (.))
                0x0000000000031bc4                . = ALIGN (0x4)
 *(.got.plt)
 *(.got)
 *(.data1)
 *(.data .data.* .gnu.linkonce.d.*)
 .data          0x0000000000031bc4        0x0 c:/Users/james/Desktop/Imperial/Informationprocessing/Lab3/task1/software/3axis_bsp//obj/HAL/src/crt0.o
 .data          0x0000000000031bc4        0x0 obj/default/.metadata/.plugins/org.eclipse.cdt.make.core/specs.o
 .data          0x0000000000031bc4        0x0 obj/default/.metadata/.plugins/org.eclipse.cdt.managedbuilder.core/spec.o
 .data          0x0000000000031bc4        0x0 obj/default/hello_world.o
 .data          0x0000000000031bc4        0x0 obj/default/.metadata/.plugins/org.eclipse.cdt.make.core/specs.o
 .data          0x0000000000031bc4        0x0 c:/intelfpga_lite/22.1std/nios2eds/bin/gnu/h-x86_64-mingw32/bin/../lib/gcc/nios2-elf/12.1.1/../../../../../H-x86_64-mingw32/nios2-elf/lib/mno-hw-mul\libm.a(lib_a-s_round.o)
 .data          0x0000000000031bc4        0x0 c:/intelfpga_lite/22.1std/nios2eds/bin/gnu/h-x86_64-mingw32/bin/../lib/gcc/nios2-elf/12.1.1/mno-hw-mul\libgcc.a(lib2-divmod.o)
 .data          0x0000000000031bc4        0x0 c:/intelfpga_lite/22.1std/nios2eds/bin/gnu/h-x86_64-mingw32/bin/../lib/gcc/nios2-elf/12.1.1/mno-hw-mul\libgcc.a(lib2-mul.o)
 .data          0x0000000000031bc4        0x0 c:/intelfpga_lite/22.1std/nios2eds/bin/gnu/h-x86_64-mingw32/bin/../lib/gcc/nios2-elf/12.1.1/mno-hw-mul\libgcc.a(divsf3.o)
 .data          0x0000000000031bc4        0x0 c:/intelfpga_lite/22.1std/nios2eds/bin/gnu/h-x86_64-mingw32/bin/../lib/gcc/nios2-elf/12.1.1/mno-hw-mul\libgcc.a(mulsf3.o)
 .data          0x0000000000031bc4        0x0 c:/intelfpga_lite/22.1std/nios2eds/bin/gnu/h-x86_64-mingw32/bin/../lib/gcc/nios2-elf/12.1.1/mno-hw-mul\libgcc.a(fixsfsi.o)
 .data          0x0000000000031bc4        0x0 c:/intelfpga_lite/22.1std/nios2eds/bin/gnu/h-x86_64-mingw32/bin/../lib/gcc/nios2-elf/12.1.1/mno-hw-mul\libgcc.a(floatsisf.o)
 .data          0x0000000000031bc4        0x0 c:/intelfpga_lite/22.1std/nios2eds/bin/gnu/h-x86_64-mingw32/bin/../lib/gcc/nios2-elf/12.1.1/mno-hw-mul\libgcc.a(adddf3.o)
 .data          0x0000000000031bc4        0x0 c:/intelfpga_lite/22.1std/nios2eds/bin/gnu/h-x86_64-mingw32/bin/../lib/gcc/nios2-elf/12.1.1/mno-hw-mul\libgcc.a(fixdfsi.o)
 .data          0x0000000000031bc4        0x0 c:/intelfpga_lite/22.1std/nios2eds/bin/gnu/h-x86_64-mingw32/bin/../lib/gcc/nios2-elf/12.1.1/mno-hw-mul\libgcc.a(extendsfdf2.o)
 .data          0x0000000000031bc4        0x0 c:/intelfpga_lite/22.1std/nios2eds/bin/gnu/h-x86_64-mingw32/bin/../lib/gcc/nios2-elf/12.1.1/mno-hw-mul\libgcc.a(_clzsi2.o)
 .data          0x0000000000031bc4        0x0 c:/intelfpga_lite/22.1std/nios2eds/bin/gnu/h-x86_64-mingw32/bin/../lib/gcc/nios2-elf/12.1.1/mno-hw-mul\libgcc.a(_clz.o)
 .data          0x0000000000031bc4        0x0 c:/intelfpga_lite/22.1std/nios2eds/bin/gnu/h-x86_64-mingw32/bin/../lib/gcc/nios2-elf/12.1.1/../../../../../H-x86_64-mingw32/nios2-elf/lib/mno-hw-mul\libc.a(lib_a-malloc.o)
 .data          0x0000000000031bc4        0x0 c:/intelfpga_lite/22.1std/nios2eds/bin/gnu/h-x86_64-mingw32/bin/../lib/gcc/nios2-elf/12.1.1/../../../../../H-x86_64-mingw32/nios2-elf/lib/mno-hw-mul\libc.a(lib_a-mallocr.o)
 .data.__malloc_av_
                0x0000000000031bc4      0x408 c:/intelfpga_lite/22.1std/nios2eds/bin/gnu/h-x86_64-mingw32/bin/../lib/gcc/nios2-elf/12.1.1/../../../../../H-x86_64-mingw32/nios2-elf/lib/mno-hw-mul\libc.a(lib_a-mallocr.o)
                0x0000000000031bc4                __malloc_av_
 .data          0x0000000000031fcc        0x0 c:/intelfpga_lite/22.1std/nios2eds/bin/gnu/h-x86_64-mingw32/bin/../lib/gcc/nios2-elf/12.1.1/../../../../../H-x86_64-mingw32/nios2-elf/lib/mno-hw-mul\libc.a(lib_a-memcpy.o)
 .data          0x0000000000031fcc        0x0 c:/intelfpga_lite/22.1std/nios2eds/bin/gnu/h-x86_64-mingw32/bin/../lib/gcc/nios2-elf/12.1.1/../../../../../H-x86_64-mingw32/nios2-elf/lib/mno-hw-mul\libc.a(lib_a-printf.o)
 .data          0x0000000000031fcc        0x0 c:/intelfpga_lite/22.1std/nios2eds/bin/gnu/h-x86_64-mingw32/bin/../lib/gcc/nios2-elf/12.1.1/../../../../../H-x86_64-mingw32/nios2-elf/lib/mno-hw-mul\libc.a(lib_a-puts.o)
 .data          0x0000000000031fcc        0x0 c:/intelfpga_lite/22.1std/nios2eds/bin/gnu/h-x86_64-mingw32/bin/../lib/gcc/nios2-elf/12.1.1/../../../../../H-x86_64-mingw32/nios2-elf/lib/mno-hw-mul\libc.a(lib_a-sbrkr.o)
 .data          0x0000000000031fcc        0x0 c:/intelfpga_lite/22.1std/nios2eds/bin/gnu/h-x86_64-mingw32/bin/../lib/gcc/nios2-elf/12.1.1/../../../../../H-x86_64-mingw32/nios2-elf/lib/mno-hw-mul\libc.a(lib_a-strlen.o)
 .data          0x0000000000031fcc        0x0 c:/intelfpga_lite/22.1std/nios2eds/bin/gnu/h-x86_64-mingw32/bin/../lib/gcc/nios2-elf/12.1.1/../../../../../H-x86_64-mingw32/nios2-elf/lib/mno-hw-mul\libc.a(lib_a-vfprintf.o)
 .data          0x0000000000031fcc        0x0 c:/intelfpga_lite/22.1std/nios2eds/bin/gnu/h-x86_64-mingw32/bin/../lib/gcc/nios2-elf/12.1.1/../../../../../H-x86_64-mingw32/nios2-elf/lib/mno-hw-mul\libc.a(lib_a-wsetup.o)
 .data          0x0000000000031fcc        0x0 c:/intelfpga_lite/22.1std/nios2eds/bin/gnu/h-x86_64-mingw32/bin/../lib/gcc/nios2-elf/12.1.1/../../../../../H-x86_64-mingw32/nios2-elf/lib/mno-hw-mul\libc.a(lib_a-dtoa.o)
 .data          0x0000000000031fcc        0x0 c:/intelfpga_lite/22.1std/nios2eds/bin/gnu/h-x86_64-mingw32/bin/../lib/gcc/nios2-elf/12.1.1/../../../../../H-x86_64-mingw32/nios2-elf/lib/mno-hw-mul\libc.a(lib_a-fflush.o)
 .data          0x0000000000031fcc        0x0 c:/intelfpga_lite/22.1std/nios2eds/bin/gnu/h-x86_64-mingw32/bin/../lib/gcc/nios2-elf/12.1.1/../../../../../H-x86_64-mingw32/nios2-elf/lib/mno-hw-mul\libc.a(lib_a-findfp.o)
 .data          0x0000000000031fcc        0x0 c:/intelfpga_lite/22.1std/nios2eds/bin/gnu/h-x86_64-mingw32/bin/../lib/gcc/nios2-elf/12.1.1/../../../../../H-x86_64-mingw32/nios2-elf/lib/mno-hw-mul\libc.a(lib_a-freer.o)
 .data          0x0000000000031fcc        0x0 c:/intelfpga_lite/22.1std/nios2eds/bin/gnu/h-x86_64-mingw32/bin/../lib/gcc/nios2-elf/12.1.1/../../../../../H-x86_64-mingw32/nios2-elf/lib/mno-hw-mul\libc.a(lib_a-fvwrite.o)
 .data          0x0000000000031fcc        0x0 c:/intelfpga_lite/22.1std/nios2eds/bin/gnu/h-x86_64-mingw32/bin/../lib/gcc/nios2-elf/12.1.1/../../../../../H-x86_64-mingw32/nios2-elf/lib/mno-hw-mul\libc.a(lib_a-fwalk.o)
 .data          0x0000000000031fcc        0x0 c:/intelfpga_lite/22.1std/nios2eds/bin/gnu/h-x86_64-mingw32/bin/../lib/gcc/nios2-elf/12.1.1/../../../../../H-x86_64-mingw32/nios2-elf/lib/mno-hw-mul\libc.a(lib_a-impure.o)
 .data.impure_data
                0x0000000000031fcc      0x424 c:/intelfpga_lite/22.1std/nios2eds/bin/gnu/h-x86_64-mingw32/bin/../lib/gcc/nios2-elf/12.1.1/../../../../../H-x86_64-mingw32/nios2-elf/lib/mno-hw-mul\libc.a(lib_a-impure.o)
 .data          0x00000000000323f0        0x0 c:/intelfpga_lite/22.1std/nios2eds/bin/gnu/h-x86_64-mingw32/bin/../lib/gcc/nios2-elf/12.1.1/../../../../../H-x86_64-mingw32/nios2-elf/lib/mno-hw-mul\libc.a(lib_a-int_errno.o)
 .data          0x00000000000323f0        0x0 c:/intelfpga_lite/22.1std/nios2eds/bin/gnu/h-x86_64-mingw32/bin/../lib/gcc/nios2-elf/12.1.1/../../../../../H-x86_64-mingw32/nios2-elf/lib/mno-hw-mul\libc.a(lib_a-localeconv.o)
 .data          0x00000000000323f0        0x0 c:/intelfpga_lite/22.1std/nios2eds/bin/gnu/h-x86_64-mingw32/bin/../lib/gcc/nios2-elf/12.1.1/../../../../../H-x86_64-mingw32/nios2-elf/lib/mno-hw-mul\libc.a(lib_a-makebuf.o)
 .data          0x00000000000323f0        0x0 c:/intelfpga_lite/22.1std/nios2eds/bin/gnu/h-x86_64-mingw32/bin/../lib/gcc/nios2-elf/12.1.1/../../../../../H-x86_64-mingw32/nios2-elf/lib/mno-hw-mul\libc.a(lib_a-memchr.o)
 .data          0x00000000000323f0        0x0 c:/intelfpga_lite/22.1std/nios2eds/bin/gnu/h-x86_64-mingw32/bin/../lib/gcc/nios2-elf/12.1.1/../../../../../H-x86_64-mingw32/nios2-elf/lib/mno-hw-mul\libc.a(lib_a-memmove.o)
 .data          0x00000000000323f0        0x0 c:/intelfpga_lite/22.1std/nios2eds/bin/gnu/h-x86_64-mingw32/bin/../lib/gcc/nios2-elf/12.1.1/../../../../../H-x86_64-mingw32/nios2-elf/lib/mno-hw-mul\libc.a(lib_a-memset.o)
 .data          0x00000000000323f0        0x0 c:/intelfpga_lite/22.1std/nios2eds/bin/gnu/h-x86_64-mingw32/bin/../lib/gcc/nios2-elf/12.1.1/../../../../../H-x86_64-mingw32/nios2-elf/lib/mno-hw-mul\libc.a(lib_a-mprec.o)
 .data          0x00000000000323f0        0x0 c:/intelfpga_lite/22.1std/nios2eds/bin/gnu/h-x86_64-mingw32/bin/../lib/gcc/nios2-elf/12.1.1/../../../../../H-x86_64-mingw32/nios2-elf/lib/mno-hw-mul\libc.a(lib_a-reallocr.o)
 .data          0x00000000000323f0        0x0 c:/intelfpga_lite/22.1std/nios2eds/bin/gnu/h-x86_64-mingw32/bin/../lib/gcc/nios2-elf/12.1.1/../../../../../H-x86_64-mingw32/nios2-elf/lib/mno-hw-mul\libc.a(lib_a-stdio.o)
 .data          0x00000000000323f0        0x0 c:/intelfpga_lite/22.1std/nios2eds/bin/gnu/h-x86_64-mingw32/bin/../lib/gcc/nios2-elf/12.1.1/../../../../../H-x86_64-mingw32/nios2-elf/lib/mno-hw-mul\libc.a(lib_a-vfiprintf.o)
 .data          0x00000000000323f0        0x0 c:/intelfpga_lite/22.1std/nios2eds/bin/gnu/h-x86_64-mingw32/bin/../lib/gcc/nios2-elf/12.1.1/../../../../../H-x86_64-mingw32/nios2-elf/lib/mno-hw-mul\libc.a(lib_a-writer.o)
 .data          0x00000000000323f0        0x0 c:/intelfpga_lite/22.1std/nios2eds/bin/gnu/h-x86_64-mingw32/bin/../lib/gcc/nios2-elf/12.1.1/../../../../../H-x86_64-mingw32/nios2-elf/lib/mno-hw-mul\libc.a(closer.o)
 .data          0x00000000000323f0        0x0 c:/intelfpga_lite/22.1std/nios2eds/bin/gnu/h-x86_64-mingw32/bin/../lib/gcc/nios2-elf/12.1.1/../../../../../H-x86_64-mingw32/nios2-elf/lib/mno-hw-mul\libc.a(lib_a-assert.o)
 .data          0x00000000000323f0        0x0 c:/intelfpga_lite/22.1std/nios2eds/bin/gnu/h-x86_64-mingw32/bin/../lib/gcc/nios2-elf/12.1.1/../../../../../H-x86_64-mingw32/nios2-elf/lib/mno-hw-mul\libc.a(lib_a-callocr.o)
 .data          0x00000000000323f0        0x0 c:/intelfpga_lite/22.1std/nios2eds/bin/gnu/h-x86_64-mingw32/bin/../lib/gcc/nios2-elf/12.1.1/../../../../../H-x86_64-mingw32/nios2-elf/lib/mno-hw-mul\libc.a(lib_a-errno.o)
 .data          0x00000000000323f0        0x0 c:/intelfpga_lite/22.1std/nios2eds/bin/gnu/h-x86_64-mingw32/bin/../lib/gcc/nios2-elf/12.1.1/../../../../../H-x86_64-mingw32/nios2-elf/lib/mno-hw-mul\libc.a(lib_a-fclose.o)
 .data          0x00000000000323f0        0x0 c:/intelfpga_lite/22.1std/nios2eds/bin/gnu/h-x86_64-mingw32/bin/../lib/gcc/nios2-elf/12.1.1/../../../../../H-x86_64-mingw32/nios2-elf/lib/mno-hw-mul\libc.a(lib_a-fiprintf.o)
 .data          0x00000000000323f0        0x0 c:/intelfpga_lite/22.1std/nios2eds/bin/gnu/h-x86_64-mingw32/bin/../lib/gcc/nios2-elf/12.1.1/../../../../../H-x86_64-mingw32/nios2-elf/lib/mno-hw-mul\libc.a(lib_a-fputwc.o)
 .data          0x00000000000323f0        0x0 c:/intelfpga_lite/22.1std/nios2eds/bin/gnu/h-x86_64-mingw32/bin/../lib/gcc/nios2-elf/12.1.1/../../../../../H-x86_64-mingw32/nios2-elf/lib/mno-hw-mul\libc.a(lib_a-fstatr.o)
 .data          0x00000000000323f0        0x0 c:/intelfpga_lite/22.1std/nios2eds/bin/gnu/h-x86_64-mingw32/bin/../lib/gcc/nios2-elf/12.1.1/../../../../../H-x86_64-mingw32/nios2-elf/lib/mno-hw-mul\libc.a(lib_a-isattyr.o)
 .data          0x00000000000323f0        0x0 c:/intelfpga_lite/22.1std/nios2eds/bin/gnu/h-x86_64-mingw32/bin/../lib/gcc/nios2-elf/12.1.1/../../../../../H-x86_64-mingw32/nios2-elf/lib/mno-hw-mul\libc.a(lib_a-locale.o)
 .data.__global_locale
                0x00000000000323f0      0x16c c:/intelfpga_lite/22.1std/nios2eds/bin/gnu/h-x86_64-mingw32/bin/../lib/gcc/nios2-elf/12.1.1/../../../../../H-x86_64-mingw32/nios2-elf/lib/mno-hw-mul\libc.a(lib_a-locale.o)
                0x00000000000323f0                __global_locale
 .data          0x000000000003255c        0x0 c:/intelfpga_lite/22.1std/nios2eds/bin/gnu/h-x86_64-mingw32/bin/../lib/gcc/nios2-elf/12.1.1/../../../../../H-x86_64-mingw32/nios2-elf/lib/mno-hw-mul\libc.a(lib_a-lseekr.o)
 .data          0x000000000003255c        0x0 c:/intelfpga_lite/22.1std/nios2eds/bin/gnu/h-x86_64-mingw32/bin/../lib/gcc/nios2-elf/12.1.1/../../../../../H-x86_64-mingw32/nios2-elf/lib/mno-hw-mul\libc.a(lib_a-mbtowc_r.o)
 .data          0x000000000003255c        0x0 c:/intelfpga_lite/22.1std/nios2eds/bin/gnu/h-x86_64-mingw32/bin/../lib/gcc/nios2-elf/12.1.1/../../../../../H-x86_64-mingw32/nios2-elf/lib/mno-hw-mul\libc.a(lib_a-readr.o)
 .data          0x000000000003255c        0x0 c:/intelfpga_lite/22.1std/nios2eds/bin/gnu/h-x86_64-mingw32/bin/../lib/gcc/nios2-elf/12.1.1/../../../../../H-x86_64-mingw32/nios2-elf/lib/mno-hw-mul\libc.a(lib_a-strcmp.o)
 .data          0x000000000003255c        0x0 c:/intelfpga_lite/22.1std/nios2eds/bin/gnu/h-x86_64-mingw32/bin/../lib/gcc/nios2-elf/12.1.1/../../../../../H-x86_64-mingw32/nios2-elf/lib/mno-hw-mul\libc.a(lib_a-vfiprintfr_1.o)
 .data          0x000000000003255c        0x0 c:/intelfpga_lite/22.1std/nios2eds/bin/gnu/h-x86_64-mingw32/bin/../lib/gcc/nios2-elf/12.1.1/../../../../../H-x86_64-mingw32/nios2-elf/lib/mno-hw-mul\libc.a(lib_a-wbuf.o)
 .data          0x000000000003255c        0x0 c:/intelfpga_lite/22.1std/nios2eds/bin/gnu/h-x86_64-mingw32/bin/../lib/gcc/nios2-elf/12.1.1/../../../../../H-x86_64-mingw32/nios2-elf/lib/mno-hw-mul\libc.a(lib_a-wcrtomb.o)
 .data          0x000000000003255c        0x0 c:/intelfpga_lite/22.1std/nios2eds/bin/gnu/h-x86_64-mingw32/bin/../lib/gcc/nios2-elf/12.1.1/../../../../../H-x86_64-mingw32/nios2-elf/lib/mno-hw-mul\libc.a(lib_a-wctomb_r.o)
 .data          0x000000000003255c        0x0 c:/intelfpga_lite/22.1std/nios2eds/bin/gnu/h-x86_64-mingw32/bin/../lib/gcc/nios2-elf/12.1.1/../../../../../H-x86_64-mingw32/nios2-elf/lib/mno-hw-mul\libc.a(lib_a-abort.o)
 .data          0x000000000003255c        0x0 c:/intelfpga_lite/22.1std/nios2eds/bin/gnu/h-x86_64-mingw32/bin/../lib/gcc/nios2-elf/12.1.1/../../../../../H-x86_64-mingw32/nios2-elf/lib/mno-hw-mul\libc.a(lib_a-ctype_.o)